A51 MACRO ASSEMBLER  S16_1                                                                12/22/2003 17:55:11 PAGE     1


MACRO ASSEMBLER A51 V7.07
OBJECT MODULE PLACED IN .\S16-1.OBJ
ASSEMBLER INVOKED BY: C:\KEIL\C51\BIN\A51.EXE .\S16-1.asm SET(SMALL) DEBUG EP

LOC  OBJ            LINE     SOURCE

0000                   1             ORG 0000H
0000 020030            2             LJMP MAIN
0030                   3             ORG 030H
0030 752000            4     MAIN:   MOV 20H,#00H
0033 E520              5             MOV A,20H
0035 75B092            6             MOV P3,#92H
0038 75A082            7             MOV P2,#82H
003B C3                8     GOON:   CLR C
003C 540F              9             ANL A,#0FH
003E 900100           10             MOV DPTR,#TAB
0041 93               11             MOVC A,@A+DPTR
0042 F580             12             MOV P0,A
0044 E520             13             MOV A,20H
0046 C4               14             SWAP  A
0047 540F             15             ANL A,#0FH
0049 93               16             MOVC A,@A+DPTR
004A F590             17             MOV P1,A
004C 1156             18             ACALL DEL
004E E520             19             MOV A,20H
0050 04               20             INC A
0051 D4               21             DA A
0052 F520             22             MOV 20H, A
0054 013B             23             AJMP GOON
0056 7F14             24     DEL:    MOV R7,#014H
0058 7EFF             25     DEL1:   MOV R6,#0FFH
005A 7D1F             26     DEL2:   MOV R5,#01FH
005C DDFE             27     DEL3:   DJNZ R5,DEL3
005E DEFA             28             DJNZ R6,DEL2
0060 DFF6             29             DJNZ R7,DEL1
0062 22               30             RET
0100                  31             ORG 0100H
0100 C0F9A4B0         32     TAB:    DB 0C0H,0F9H,0A4H,0B0H,99H,92H,82H,0F8H
0104 999282F8                
0108 80908883         33             DB 80H,90H,88H,83H,0C6H,0A1H,86H,08EH
010C C6A1868E                
                      34             END
A51 MACRO ASSEMBLER  S16_1                                                                12/22/2003 17:55:11 PAGE     2

SYMBOL TABLE LISTING
------ ----- -------


N A M E             T Y P E  V A L U E   ATTRIBUTES

DEL. . . . . . . .  C ADDR   0056H   A   
DEL1 . . . . . . .  C ADDR   0058H   A   
DEL2 . . . . . . .  C ADDR   005AH   A   
DEL3 . . . . . . .  C ADDR   005CH   A   
GOON . . . . . . .  C ADDR   003BH   A   
MAIN . . . . . . .  C ADDR   0030H   A   
P0 . . . . . . . .  D ADDR   0080H   A   
P1 . . . . . . . .  D ADDR   0090H   A   
P2 . . . . . . . .  D ADDR   00A0H   A   
P3 . . . . . . . .  D ADDR   00B0H   A   
TAB. . . . . . . .  C ADDR   0100H   A   


REGISTER BANK(S) USED: 0 


ASSEMBLY COMPLETE.  0 WARNING(S), 0 ERROR(S)
