ARM Linker, RVCT3.0 [Build 951] for uVision [Full]

================================================================================

Section Cross References

    startup.o(STACK) refers (Special) to stkheap2.o(.text) for __use_two_region_memory
    startup.o(HEAP) refers (Special) to stkheap2.o(.text) for __use_two_region_memory
    startup.o(RESET) refers to startup.o(STACK) for Stack_Top
    startup.o(RESET) refers to __main.o(!!!main) for __main
    startup.o(RESET) refers (Special) to stkheap2.o(.text) for __use_two_region_memory
    startup.o(.text) refers to startup.o(HEAP) for Heap_Mem
    startup.o(.text) refers to startup.o(STACK) for Stack_Mem
    startup.o(.text) refers (Special) to stkheap2.o(.text) for __use_two_region_memory
    main.o(.text) refers to uart.o(.text) for UartObj::puts(const char*)
    main.o(.text) refers to iap.o(.text) for IAPObj::ReadPartID()
    main.o(.text) refers to __0sprintf.o(.text) for __0sprintf
    main.o(.text) refers to strcpy.o(.text) for strcpy
    main.o(.text) refers to main.o(.bss) for Uart
    main.o(.text) refers to main.o(.constdata) for .constdata
    main.o(.text) refers (Special) to _printf_dec.o(.text) for _printf_int_dec
    main.o(.text) refers (Special) to _printf_pad.o(.text) for _printf_pre_padding
    main.o(.text) refers (Special) to _printf_longlong_hex.o(.text) for _printf_longlong_hex
    main.o(.constdata) refers (Special) to _printf_dec.o(.text) for _printf_int_dec
    main.o(.constdata) refers (Special) to _printf_pad.o(.text) for _printf_pre_padding
    main.o(.constdata) refers (Special) to _printf_longlong_hex.o(.text) for _printf_longlong_hex
    main.o(.bss) refers (Special) to _printf_dec.o(.text) for _printf_int_dec
    main.o(.bss) refers (Special) to _printf_pad.o(.text) for _printf_pre_padding
    main.o(.bss) refers (Special) to _printf_longlong_hex.o(.text) for _printf_longlong_hex
    main.o(.init_array) refers to main.o(.text) for __sti___8_main_cpp
    main.o(.init_array) refers to init_aeabi.o(.text) for __cpp_initialize__aeabi_
    main.o(.init_array) refers (Special) to _printf_dec.o(.text) for _printf_int_dec
    main.o(.init_array) refers (Special) to _printf_pad.o(.text) for _printf_pre_padding
    main.o(.init_array) refers (Special) to _printf_longlong_hex.o(.text) for _printf_longlong_hex
    main.o(.ARM.exidx) refers to main.o(.text) for .text
    main.o(.ARM.exidx) refers (Special) to _printf_dec.o(.text) for _printf_int_dec
    main.o(.ARM.exidx) refers (Special) to _printf_pad.o(.text) for _printf_pre_padding
    main.o(.ARM.exidx) refers (Special) to _printf_longlong_hex.o(.text) for _printf_longlong_hex
    iap.o(.ARM.exidx) refers to iap.o(.text) for .text
    uart.o(.text) refers to main.o(.text) for IRQ_UART0
    uart.o(.ARM.exidx) refers to uart.o(.text) for .text
    _printf_pad.o(.text) refers to callvia.o(.text) for __ARM_call_via_r2
    _printf_longlong_hex.o(.text) refers to _printf_intcommon.o(.text) for _printf_int_common
    _printf_longlong_hex.o(.text) refers to _printf_longlong_hex.o(.constdata) for .constdata
    _printf_dec.o(.text) refers to rtudiv10.o(.text) for __rt_udiv10
    _printf_dec.o(.text) refers to _printf_intcommon.o(.text) for _printf_int_common
    __0sprintf.o(.text) refers to _printf_char_common.o(.text) for _printf_char_common
    __0sprintf.o(.text) refers to _sputc.o(.text) for _sputc
    stkheap2.o(.text) refers to sys_stackheap_outer.o(.text) for __user_setup_stackheap
    stkheap2.o(.text) refers to rt_stackheap_storage_intlibspace.o(.text) for __rt_stackheap_storage
    __main.o(!!!main) refers to kernel.o(.text) for __rt_entry
    init_aeabi.o(.ARM.exidx) refers to init_aeabi.o(.emb_text) for __cpp_initialize_dummy_init_array
    init_aeabi.o(.ARM.exidx) refers to init_aeabi.o(.dummy_text) for __dummy_proc
    init_aeabi.o(.text) refers to callvia.o(.text) for __ARM_call_via_r0
    init_aeabi.o(.ARM.exidx) refers to init_aeabi.o(.text) for .text
    kernel.o(.text) refers to stkheap2.o(.text) for __rt_stackheap_init
    kernel.o(.text) refers to boardinit2.o(.text) for _platform_post_stackheap_init
    kernel.o(.text) refers to lib_init.o(.text) for __rt_lib_init
    kernel.o(.text) refers to boardinit3.o(.text) for _platform_post_lib_init
    kernel.o(.text) refers to exit.o(.text) for exit
    kernel.o(.text) refers to main.o(.text) for main
    kernel.o(.text) refers to sys_exit.o(.text) for _sys_exit
    kernel.o(.ARM.exidx) refers to kernel.o(.text) for __rt_entry
    sys_stackheap_outer.o(.text) refers to libspace.o(.text) for __user_perproc_libspace
    sys_stackheap_outer.o(.text) refers to startup.o(.text) for __user_initial_stackheap
    rt_stackheap_storage.o(.text) refers to rt_stackheap_storage.o(.bss) for __rt_stackheap_storage_data
    rt_stackheap_storage_intlibspace.o(.text) refers (Weak) to libspace.o(.bss) for __libspace_start
    rt_stackheap_storage_onelibspace.o(.text) refers (Weak) to libspace.o(.text) for __user_libspace
    rt_stackheap_storage_twolibspace.o(.text) refers (Weak) to libspace.o(.text) for __user_perproc_libspace
    _printf_intcommon.o(.text) refers (Weak) to _printf_pad.o(.text) for _printf_pre_padding
    _printf_intcommon.o(.text) refers to callvia.o(.text) for __ARM_call_via_r2
    _printf_intcommon.o(.text) refers (Weak) to _printf_pad.o(.text) for _printf_pre_padding
    _printf_intcommon.o(.text) refers (Weak) to _printf_pad.o(.text) for _printf_post_padding
    _printf_char_common.o(.text) refers to __printf.o(.text) for __printf
    _printf_char_common.o(.text) refers to _printf_outstr_char.o(.text) for _printf_outstr_char
    _printf_char_common.o(.text) refers to _printf_input_char.o(.text) for _printf_input_char
    sys_exit.o(.text) refers to use_no_semi.o(.text) for __I_use_semihosting
    libspace.o(.text) refers to libspace.o(.bss) for __libspace_start
    __printf.o(.text) refers to callvia.o(.text) for __ARM_call_via_r1
    __printf.o(.text) refers (Weak) to _printf_longlong_hex.o(.text) for _printf_longlong_hex
    __printf.o(.text) refers (Weak) to _printf_dec.o(.text) for _printf_int_dec
    __printf.o(.text) refers to __printf.o(.constdata) for .constdata
    _printf_outstr_char.o(.text) refers to callvia.o(.text) for __ARM_call_via_r2
    exit.o(.text) refers to kernel.o(.text) for __rt_exit
    stkheap1.o(.text) refers to sys_stackheap_outer.o(.text) for __user_setup_stackheap
    stkheap1.o(.text) refers to rt_stackheap_storage_intlibspace.o(.text) for __rt_stackheap_storage
    stkheap1sc.o(.text) refers to sys_stackheap_outer.o(.text) for __user_setup_stackheap
    stkheap1sc.o(.text) refers to rt_stackheap_storage_intlibspace.o(.text) for __rt_stackheap_storage
    stkheap1sc.o(.text) refers to stkovf.o(.text) for __stack_overflow
    stkheap1sc.o(.text) refers to kernel.o(.text) for __rt_exit
    stkheap1sc.o(.text) refers to sys_exit.o(.text) for _sys_exit
    stkheap1sc.o(.text) refers to stacklimit.o(.bss) for __stack_limit
    stkheap1scss.o(.text) refers to sys_stackheap_outer.o(.text) for __user_setup_stackheap
    stkheap1scss.o(.text) refers to rt_stackheap_storage_intlibspace.o(.text) for __rt_stackheap_storage
    stkheap1scss.o(.text) refers to stack_cleanup.o(.text) for __user_stack_cleanup_space
    stkheap1scss.o(.text) refers to stkovf.o(.text) for __stack_overflow
    stkheap1scss.o(.text) refers to kernel.o(.text) for __rt_exit
    stkheap1scss.o(.text) refers to sys_exit.o(.text) for _sys_exit
    stkheap1scss.o(.text) refers to stacklimit.o(.bss) for __stack_limit
    stkheap2sc.o(.text) refers to sys_stackheap_outer.o(.text) for __user_setup_stackheap
    stkheap2sc.o(.text) refers to rt_stackheap_storage_intlibspace.o(.text) for __rt_stackheap_storage
    stkheap2sc.o(.text) refers to stkovf.o(.text) for __stack_overflow
    stkheap2sc.o(.text) refers to kernel.o(.text) for __rt_exit
    stkheap2sc.o(.text) refers to sys_exit.o(.text) for _sys_exit
    stkheap2sc.o(.text) refers to stacklimit.o(.bss) for __stack_limit
    stkheap2scss.o(.text) refers to sys_stackheap_outer.o(.text) for __user_setup_stackheap
    stkheap2scss.o(.text) refers to rt_stackheap_storage_intlibspace.o(.text) for __rt_stackheap_storage
    stkheap2scss.o(.text) refers to stack_cleanup.o(.text) for __user_stack_cleanup_space
    stkheap2scss.o(.text) refers to stkovf.o(.text) for __stack_overflow
    stkheap2scss.o(.text) refers to kernel.o(.text) for __rt_exit
    stkheap2scss.o(.text) refers to sys_exit.o(.text) for _sys_exit
    stkheap2scss.o(.text) refers to stacklimit.o(.bss) for __stack_limit
    lib_init.o(.emb_text) refers to no_argv.o(.text) for __ARM_get_argv
    lib_init.o(.text) refers to fpinit.o(x$fpl$fpinit) for _fp_init
    lib_init.o(.text) refers to lib_init.o(.emb_text) for __ARM_argv_veneer
    lib_init.o(.text) refers to rt_locale_intlibspace.o(.text) for __rt_locale
    lib_init.o(.text) refers (Weak) to init_aeabi.o(.text) for __cpp_initialize__aeabi_
    rt_locale.o(.text) refers to rt_locale.o(.bss) for __rt_locale_data
    rt_locale_intlibspace.o(.text) refers (Weak) to libspace.o(.bss) for __libspace_start
    rt_locale_onelibspace.o(.text) refers (Weak) to libspace.o(.text) for __user_libspace
    rt_locale_twolibspace.o(.text) refers (Weak) to libspace.o(.text) for __user_perproc_libspace
    stkovf.o(.text) refers to defsig_stak_outer.o(.text) for __rt_SIGSTAK
    _get_argv.o(.text) refers to heapext.o(.text) for __heap_extend
    _get_argv.o(.text) refers to defsig_rtmem_outer.o(.text) for __rt_SIGRTMEM
    _get_argv.o(.text) refers to sys_command.o(.text) for _sys_command_string
    _get_argv.o(.text) refers (Special) to hrguard.o(.text) for __heap_region_guard
    fpinit.o(x$fpl$fpinit) refers to rt_fp_status_addr_intlibspace.o(.text) for __rt_fp_status_addr
    sys_command.o(.text) refers (Special) to use_no_semi.o(.text) for __I_use_semihosting
    rt_fp_status_addr.o(.text) refers to rt_fp_status_addr.o(.bss) for __rt_fp_status_addr_data
    rt_fp_status_addr_intlibspace.o(.text) refers (Weak) to libspace.o(.bss) for __libspace_start
    rt_fp_status_addr_onelibspace.o(.text) refers (Weak) to libspace.o(.text) for __user_libspace
    rt_fp_status_addr_twolibspace.o(.text) refers (Weak) to libspace.o(.text) for __user_perthread_libspace
    defsig_rtmem_outer.o(.text) refers to defsig_rtmem_inner.o(.text) for __rt_SIGRTMEM_inner
    defsig_rtmem_outer.o(.text) refers to defsig_exit.o(.text) for __sig_exit
    defsig_rtmem_formal.o(.text) refers to rt_raise.o(.text) for __rt_raise
    defsig_stak_outer.o(.text) refers to defsig_stak_inner.o(.text) for __rt_SIGSTAK_inner
    defsig_stak_outer.o(.text) refers to defsig_exit.o(.text) for __sig_exit
    defsig_stak_formal.o(.text) refers to rt_raise.o(.text) for __rt_raise
    heapext.o(.text) refers to stkheap2.o(.text) for __rt_heap_extend
    rt_raise.o(.text) refers to __raise.o(.text) for __raise
    rt_raise.o(.text) refers to sys_exit.o(.text) for _sys_exit
    defsig_exit.o(.text) refers to sys_exit.o(.text) for _sys_exit
    defsig_rtmem_inner.o(.text) refers to defsig_general.o(.text) for __default_signal_display
    defsig_stak_inner.o(.text) refers to defsig_general.o(.text) for __default_signal_display
    __raise.o(.text) refers to defsig.o(CL$$defsig) for __default_signal_handler
    __raise.o(.text) refers to callvia.o(.text) for __ARM_call_via_r2
    defsig_general.o(.text) refers to sys_wrch.o(.text) for _ttywrch
    sys_wrch.o(.text) refers (Special) to use_no_semi.o(.text) for __I_use_semihosting
    defsig.o(CL$$defsig) refers (Weak) to defsig_stak_inner.o(.text) for __rt_SIGSTAK_inner
    defsig.o(CL$$defsig) refers (Weak) to defsig_rtmem_inner.o(.text) for __rt_SIGRTMEM_inner


================================================================================

Removing Unused input sections from the image.

    Removing main.o(.ARM.exidx), (8 bytes).
    Removing iap.o(.ARM.exidx), (8 bytes).
    Removing uart.o(.ARM.exidx), (8 bytes).

3 unused section(s) (total 24 bytes) removed from the image.

================================================================================

Adding Veneers to the image

    Adding AT veneer (8 bytes, Inline) for call to '__0sprintf' from main.o(.text).
    Adding AT veneer (8 bytes, Inline) for call to 'strcpy' from main.o(.text).
    Adding TA veneer (4 bytes, Inline) for call to '__rt_udiv10' from _printf_dec.o(.text).
    Adding AT veneer (8 bytes, Inline) for call to '__rt_lib_init' from kernel.o(.text).
    Adding AT veneer (12 bytes, Long) for call to '__rt_lib_shutdown' from kernel.o(.text).
    Adding TA veneer (8 bytes, Short) for call to '__rt_exit' from exit.o(.text).
    Adding TA veneer (4 bytes, Inline) for call to '_fp_init' from lib_init.o(.text).
    Adding TA veneer (4 bytes, Inline) for call to '__ARM_argv_veneer' from lib_init.o(.text).
    Adding TA veneer (4 bytes, Inline) for call to '__rt_locale' from lib_init.o(.text).

9 Veneer(s) (total 60 bytes) added to the image.

================================================================================

Image Symbol Table

    Local Symbols

    Symbol Name                              Value     Ov Type        Size  Object(Section)

    RESET                                    0x00000000   Section      220  startup.o(RESET)
    ../../angel/boardlib.s                   0x00000000   Number         0  boardinit2.o ABSOLUTE
    ../../angel/boardlib.s                   0x00000000   Number         0  boardinit3.o ABSOLUTE
    ../../angel/boardlib.s                   0x00000000   Number         0  boardshut.o ABSOLUTE
    ../../angel/boardlib.s                   0x00000000   Number         0  cpuinit.o ABSOLUTE
    ../../angel/boardlib.s                   0x00000000   Number         0  boardinit1.o ABSOLUTE
    ../../angel/kernel.s                     0x00000000   Number         0  kernel.o ABSOLUTE
    ../../angel/rt.s                         0x00000000   Number         0  rt_locale_intlibspace.o ABSOLUTE
    ../../angel/rt.s                         0x00000000   Number         0  stack_cleanup.o ABSOLUTE
    ../../angel/rt.s                         0x00000000   Number         0  rt_stackheap_storage.o ABSOLUTE
    ../../angel/rt.s                         0x00000000   Number         0  rt_stackheap_storage_intlibspace.o ABSOLUTE
    ../../angel/rt.s                         0x00000000   Number         0  rt_stackheap_storage_onelibspace.o ABSOLUTE
    ../../angel/rt.s                         0x00000000   Number         0  rt_fp_status_addr_twolibspace.o ABSOLUTE
    ../../angel/rt.s                         0x00000000   Number         0  rt_locale.o ABSOLUTE
    ../../angel/rt.s                         0x00000000   Number         0  rt_fp_status_addr_onelibspace.o ABSOLUTE
    ../../angel/rt.s                         0x00000000   Number         0  rt_fp_status_addr_intlibspace.o ABSOLUTE
    ../../angel/rt.s                         0x00000000   Number         0  rt_fp_status_addr.o ABSOLUTE
    ../../angel/rt.s                         0x00000000   Number         0  rt_stackheap_storage_twolibspace.o ABSOLUTE
    ../../angel/rt.s                         0x00000000   Number         0  rt_raise.o ABSOLUTE
    ../../angel/rt.s                         0x00000000   Number         0  rt_locale_twolibspace.o ABSOLUTE
    ../../angel/rt.s                         0x00000000   Number         0  rt_locale_onelibspace.o ABSOLUTE
    ../../angel/startup.s                    0x00000000   Number         0  __main.o ABSOLUTE
    ../../angel/sys.s                        0x00000000   Number         0  libspace.o ABSOLUTE
    ../../angel/sys.s                        0x00000000   Number         0  sys_exit.o ABSOLUTE
    ../../angel/sys.s                        0x00000000   Number         0  sys_stackheap_outer.o ABSOLUTE
    ../../angel/sys.s                        0x00000000   Number         0  use_no_semi.o ABSOLUTE
    ../../angel/sysapp.c                     0x00000000   Number         0  sys_command.o ABSOLUTE
    ../../angel/sysapp.c                     0x00000000   Number         0  sys_wrch.o ABSOLUTE
    ../../arm_runtime.c                      0x00000000   Number         0  init_aeabi.o ABSOLUTE
    ../../arm_runtime.c                      0x00000000   Number         0  init_aeabi.o ABSOLUTE
    ../../armsys.c                           0x00000000   Number         0  no_argv.o ABSOLUTE
    ../../armsys.c                           0x00000000   Number         0  lib_init.o ABSOLUTE
    ../../armsys.c                           0x00000000   Number         0  lib_init.o ABSOLUTE
    ../../armsys.c                           0x00000000   Number         0  _get_argv.o ABSOLUTE
    ../../division.s                         0x00000000   Number         0  rtudiv10.o ABSOLUTE
    ../../fpinit.s                           0x00000000   Number         0  fpinit.o ABSOLUTE
    ../../heapalloc.c                        0x00000000   Number         0  hrguard.o ABSOLUTE
    ../../printf.c                           0x00000000   Number         0  _printf_outstr_char.o ABSOLUTE
    ../../printf.c                           0x00000000   Number         0  __printf.o ABSOLUTE
    ../../printf.c                           0x00000000   Number         0  __0sprintf.o ABSOLUTE
    ../../printf.c                           0x00000000   Number         0  _printf_longlong_hex.o ABSOLUTE
    ../../printf.c                           0x00000000   Number         0  _printf_pad.o ABSOLUTE
    ../../printf.c                           0x00000000   Number         0  _printf_intcommon.o ABSOLUTE
    ../../printf.c                           0x00000000   Number         0  _printf_char_common.o ABSOLUTE
    ../../printf.c                           0x00000000   Number         0  _sputc.o ABSOLUTE
    ../../printf.c                           0x00000000   Number         0  _printf_input_char.o ABSOLUTE
    ../../printf.c                           0x00000000   Number         0  _printf_dec.o ABSOLUTE
    ../../signal.c                           0x00000000   Number         0  __raise.o ABSOLUTE
    ../../signal.c                           0x00000000   Number         0  defsig_stak_inner.o ABSOLUTE
    ../../signal.c                           0x00000000   Number         0  defsig_rtmem_inner.o ABSOLUTE
    ../../signal.c                           0x00000000   Number         0  defsig_exit.o ABSOLUTE
    ../../signal.c                           0x00000000   Number         0  defsig_rtmem_outer.o ABSOLUTE
    ../../signal.c                           0x00000000   Number         0  defsig_rtmem_formal.o ABSOLUTE
    ../../signal.c                           0x00000000   Number         0  defsig_stak_outer.o ABSOLUTE
    ../../signal.c                           0x00000000   Number         0  defsig_general.o ABSOLUTE
    ../../signal.c                           0x00000000   Number         0  defsig_stak_formal.o ABSOLUTE
    ../../signal.s                           0x00000000   Number         0  defsig.o ABSOLUTE
    ../../stdlib.c                           0x00000000   Number         0  exit.o ABSOLUTE
    ../../stkheap.s                          0x00000000   Number         0  heapext.o ABSOLUTE
    ../../stkheap.s                          0x00000000   Number         0  stkovf.o ABSOLUTE
    ../../stkheap.s                          0x00000000   Number         0  stacklimit.o ABSOLUTE
    ../../stkheap1.s                         0x00000000   Number         0  stkheap1sc.o ABSOLUTE
    ../../stkheap1.s                         0x00000000   Number         0  stkheap1scss.o ABSOLUTE
    ../../stkheap1.s                         0x00000000   Number         0  stkheap1.o ABSOLUTE
    ../../stkheap2.s                         0x00000000   Number         0  stkheap2sc.o ABSOLUTE
    ../../stkheap2.s                         0x00000000   Number         0  stkheap2scss.o ABSOLUTE
    ../../stkheap2.s                         0x00000000   Number         0  stkheap2.o ABSOLUTE
    ../../string.c                           0x00000000   Number         0  strcpy.o ABSOLUTE
    ../../unhosted.s                         0x00000000   Number         0  callvia.o ABSOLUTE
    Iap.cpp                                  0x00000000   Number         0  iap.o ABSOLUTE
    Startup.s                                0x00000000   Number         0  startup.o ABSOLUTE
    Uart.cpp                                 0x00000000   Number         0  uart.o ABSOLUTE
    dc.s                                     0x00000000   Number         0  dc.o ABSOLUTE
    main.cpp                                 0x00000000   Number         0  main.o ABSOLUTE
    Undef_Handler                            0x00000040   ARM Code       4  startup.o(RESET)
    SWI_Handler                              0x00000044   ARM Code       4  startup.o(RESET)
    PAbt_Handler                             0x00000048   ARM Code       4  startup.o(RESET)
    DAbt_Handler                             0x0000004c   ARM Code       4  startup.o(RESET)
    IRQ_Handler                              0x00000050   ARM Code       4  startup.o(RESET)
    FIQ_Handler                              0x00000054   ARM Code       4  startup.o(RESET)
    !!!main                                  0x000000dc   Section        8  __main.o(!!!main)
    .emb_text                                0x000000e8   Section       16  lib_init.o(.emb_text)
    .text                                    0x000000f8   Section       32  startup.o(.text)
    .text                                    0x00000118   Section     2308  main.o(.text)
    __sti___8_main_cpp                       0x00000a00   ARM Code      28  main.o(.text)
    .text                                    0x00000a1c   Section     1428  iap.o(.text)
    .text                                    0x00000fb0   Section      304  uart.o(.text)
    .text                                    0x000010e0   Section       84  _printf_pad.o(.text)
    .text                                    0x00001134   Section      204  _printf_longlong_hex.o(.text)
    .text                                    0x00001200   Section      116  _printf_dec.o(.text)
    .text                                    0x0000127c   Section       44  __0sprintf.o(.text)
    .text                                    0x000012b0   Section       80  strcpy.o(.text)
    .text                                    0x00001300   Section       88  stkheap2.o(.text)
    .text                                    0x00001358   Section       44  init_aeabi.o(.text)
    .text                                    0x00001384   Section      104  kernel.o(.text)
    .text                                    0x000013ec   Section       96  sys_stackheap_outer.o(.text)
    .text                                    0x0000144c   Section       16  rt_stackheap_storage_intlibspace.o(.text)
    .text                                    0x0000145c   Section      168  _printf_intcommon.o(.text)
    .text                                    0x00001504   Section       52  _printf_char_common.o(.text)
    .text                                    0x00001538   Section       10  _sputc.o(.text)
    .text                                    0x00001548   Section       44  rtudiv10.o(.text)
    .text                                    0x00001574   Section       16  callvia.o(.text)
    .text                                    0x00001584   Section       24  sys_exit.o(.text)
    .text                                    0x0000159c   Section       12  libspace.o(.text)
    .text                                    0x000015a8   Section      744  __printf.o(.text)
    .text                                    0x00001890   Section       32  _printf_outstr_char.o(.text)
    .text                                    0x000018b0   Section       10  _printf_input_char.o(.text)
    .text                                    0x000018ba   Section       24  exit.o(.text)
    .text                                    0x000018dc   Section      214  lib_init.o(.text)
    .text                                    0x000019b4   Section       12  boardinit2.o(.text)
    .text                                    0x000019c0   Section       16  boardinit3.o(.text)
    .text                                    0x000019d0   Section        4  use_no_semi.o(.text)
    .text                                    0x000019d8   Section       16  rt_locale_intlibspace.o(.text)
    .text                                    0x000019e8   Section        6  no_argv.o(.text)
    .text                                    0x000019f0   Section       16  rt_fp_status_addr_intlibspace.o(.text)
    x$fpl$fpinit                             0x00001a18   Section       24  fpinit.o(x$fpl$fpinit)
    .constdata                               0x00001a30   Section      142  main.o(.constdata)
    .constdata                               0x00001abe   Section       34  _printf_longlong_hex.o(.constdata)
    lc_hextab@_printf_longlong_hex_0         0x00001abe   Data          17  _printf_longlong_hex.o(.constdata)
    uc_hextab@_printf_longlong_hex_1         0x00001acf   Data          17  _printf_longlong_hex.o(.constdata)
    .constdata                               0x00001ae0   Section       17  __printf.o(.constdata)
    maptable@__printf_0                      0x00001ae0   Data          17  __printf.o(.constdata)
    .init_array                              0x00001af4   Section        4  main.o(.init_array)
    .bss                                     0x40000000   Section      552  main.o(.bss)
    .bss                                     0x40000228   Section       96  libspace.o(.bss)
    HEAP                                     0x40000288   Number         0  startup.o(HEAP)
    STACK                                    0x40000288   Section     1160  startup.o(STACK)
    Heap_Mem                                 0x40000288   Number         0  startup.o(HEAP)
    Stack_Mem                                0x40000288   Data        1160  startup.o(STACK)
    Stack_Top                                0x40000710   Number         0  startup.o(STACK)

    Global Symbols

    Symbol Name                              Value     Ov Type        Size  Object(Section)

    BuildAttributes$$THUMB_ISAv1$ARM_ISAv4$M$PE$A:L22$X:L11$S22$IEEE1$IW$USESV6$~STKCKD$USESV7$~SHL$OSPACE$EBA8$REQ8$PRES8$EABIv2 0x00000000   Number         0  anon$$obj.o ABSOLUTE
    __ARM_use_no_argv                        0x00000000   Number         0  main.o ABSOLUTE
    __use_stack_checking                     0x00000000   Number         0  stkovf.o ABSOLUTE
    __ARM_exceptions_init                     - Undefined Weak Reference
    __ARM_stackcheck                          - Undefined Weak Reference
    __Heap_DescSize                           - Undefined Weak Reference
    __alloca_initialize                       - Undefined Weak Reference
    __cxa_finalize                            - Undefined Weak Reference
    __rt_SIGABRT_inner                        - Undefined Weak Reference
    __rt_SIGCPPL_inner                        - Undefined Weak Reference
    __rt_SIGFPE_inner                         - Undefined Weak Reference
    __rt_SIGILL_inner                         - Undefined Weak Reference
    __rt_SIGINT_inner                         - Undefined Weak Reference
    __rt_SIGPVFN_inner                        - Undefined Weak Reference
    __rt_SIGRTRED_inner                       - Undefined Weak Reference
    __rt_SIGSEGV_inner                        - Undefined Weak Reference
    __rt_SIGTERM_inner                        - Undefined Weak Reference
    __rt_SIGUSR1_inner                        - Undefined Weak Reference
    __rt_SIGUSR2_inner                        - Undefined Weak Reference
    __rt_sigother_inner                       - Undefined Weak Reference
    __scatterload                             - Undefined Weak Reference
    __sigvec_lookup                           - Undefined Weak Reference
    __user_heap_extend                        - Undefined Weak Reference
    __user_stack_slop                         - Undefined Weak Reference
    _atexit_init                              - Undefined Weak Reference
    _call_atexit_fns                          - Undefined Weak Reference
    _clock_init                               - Undefined Weak Reference
    _fp_trap_init                             - Undefined Weak Reference
    _get_lc_collate                           - Undefined Weak Reference
    _get_lc_ctype                             - Undefined Weak Reference
    _get_lc_monetary                          - Undefined Weak Reference
    _get_lc_numeric                           - Undefined Weak Reference
    _get_lc_time                              - Undefined Weak Reference
    _getenv_init                              - Undefined Weak Reference
    _handle_redirection                       - Undefined Weak Reference
    _init_alloc                               - Undefined Weak Reference
    _init_user_alloc                          - Undefined Weak Reference
    _initio                                   - Undefined Weak Reference
    _printf_charcount                         - Undefined Weak Reference
    _printf_fp_dec                            - Undefined Weak Reference
    _printf_fp_hex                            - Undefined Weak Reference
    _printf_longlong_dec                      - Undefined Weak Reference
    _printf_longlong_oct                      - Undefined Weak Reference
    _printf_mbtowc                            - Undefined Weak Reference
    _printf_str                               - Undefined Weak Reference
    _printf_truncate_signed                   - Undefined Weak Reference
    _printf_truncate_unsigned                 - Undefined Weak Reference
    _printf_wc                                - Undefined Weak Reference
    _printf_wctomb                            - Undefined Weak Reference
    _rand_init                                - Undefined Weak Reference
    _signal_init                              - Undefined Weak Reference
    _terminate_user_alloc                     - Undefined Weak Reference
    _terminateio                              - Undefined Weak Reference
    Reset_Handler                            0x00000058   ARM Code       0  startup.o(RESET)
    __main                                   0x000000dc   ARM Code       8  __main.o(!!!main)
    Inline Thumb to ARM Veneer to __ARM_argv_veneer 0x000000e5   Thumb Code     0  lib_init.o(.emb_text)
    __ARM_argv_veneer                        0x000000e8   ARM Code      16  lib_init.o(.emb_text)
    __user_initial_stackheap                 0x000000f8   ARM Code       0  startup.o(.text)
    IRQ_UART0                                0x00000118   ARM Code     360  main.o(.text)
    main                                     0x00000280   ARM Code    1920  main.o(.text)
    IAPObj::IAPObj()                         0x00000a1c   ARM Code      12  iap.o(.text)
    IAPObj::IAPObj__sub_object()             0x00000a1c   ARM Code       0  iap.o(.text)
    IAPObj::SelSector(unsigned, unsigned)    0x00000a28   ARM Code      64  iap.o(.text)
    IAPObj::ReadBootLoaderID()               0x00000a68   ARM Code      48  iap.o(.text)
    IAPObj::ReadPartID()                     0x00000a98   ARM Code      48  iap.o(.text)
    IAPObj::EraseSector(unsigned, unsigned)  0x00000ac8   ARM Code      72  iap.o(.text)
    IAPObj::UploadtoFlash(unsigned, unsigned, unsigned) 0x00000b10   ARM Code      80  iap.o(.text)
    IAPObj::CompareFlash(unsigned, unsigned, unsigned) 0x00000b60   ARM Code      72  iap.o(.text)
    IAPObj::BlankCheck(unsigned, unsigned)   0x00000ba8   ARM Code      64  iap.o(.text)
    IAPObj::IapExec()                        0x00000be8   ARM Code      48  iap.o(.text)
    IAPObj::GetSectorNumber(unsigned)        0x00000c18   ARM Code      52  iap.o(.text)
    IAPObj::GetSectorSize(unsigned)          0x00000c4c   ARM Code      68  iap.o(.text)
    IAPObj::GetSectorTop(unsigned)           0x00000c90   ARM Code      88  iap.o(.text)
    IAPObj::GetSectorBottom(unsigned)        0x00000ce8   ARM Code      96  iap.o(.text)
    IAPObj::EraseFlash(unsigned, unsigned)   0x00000d48   ARM Code     104  iap.o(.text)
    IAPObj::WriteFlash(unsigned, unsigned, unsigned) 0x00000db0   ARM Code     116  iap.o(.text)
    IAPObj::ReadFlash(unsigned, unsigned char*, unsigned) 0x00000e24   ARM Code      44  iap.o(.text)
    IAPObj::BlockWriteFlash(unsigned, unsigned, unsigned) 0x00000e50   ARM Code     260  iap.o(.text)
    IAPObj::CheckFlash(unsigned, unsigned)   0x00000f54   ARM Code      76  iap.o(.text)
    UartObj::Init()                          0x00000fb0   ARM Code     140  uart.o(.text)
    UartObj::UartObj()                       0x0000103c   ARM Code      28  uart.o(.text)
    UartObj::UartObj__sub_object()           0x0000103c   ARM Code       0  uart.o(.text)
    UartObj::putchar(unsigned char)          0x00001058   ARM Code      60  uart.o(.text)
    UartObj::puts(const char*)               0x00001094   ARM Code      48  uart.o(.text)
    UartObj::Wait()                          0x000010c4   ARM Code      20  uart.o(.text)
    _printf_pre_padding                      0x000010e1   Thumb Code    48  _printf_pad.o(.text)
    _printf_post_padding                     0x00001111   Thumb Code    36  _printf_pad.o(.text)
    _printf_longlong_hex                     0x00001135   Thumb Code   182  _printf_longlong_hex.o(.text)
    _printf_int_dec                          0x00001201   Thumb Code    98  _printf_dec.o(.text)
    Inline ARM to Thumb Veneer to __0sprintf 0x00001274   ARM Code       0  __0sprintf.o(.text)
    __0sprintf                               0x0000127d   Thumb Code    40  __0sprintf.o(.text)
    Inline ARM to Thumb Veneer to strcpy     0x000012a8   ARM Code       0  strcpy.o(.text)
    strcpy                                   0x000012b1   Thumb Code    74  strcpy.o(.text)
    __use_two_region_memory                  0x00001300   ARM Code       4  stkheap2.o(.text)
    __rt_stackheap_init                      0x00001304   ARM Code      60  stkheap2.o(.text)
    __rt_heap_extend                         0x00001340   ARM Code      24  stkheap2.o(.text)
    __cpp_initialize__aeabi_                 0x00001359   Thumb Code    36  init_aeabi.o(.text)
    __rt_entry                               0x00001384   ARM Code      76  kernel.o(.text)
    __rt_exit                                0x000013d0   ARM Code      20  kernel.o(.text)
    __rt_abort                               0x000013e4   ARM Code       8  kernel.o(.text)
    __user_setup_stackheap                   0x000013ec   ARM Code      96  sys_stackheap_outer.o(.text)
    __rt_stackheap_storage                   0x0000144c   ARM Code      12  rt_stackheap_storage_intlibspace.o(.text)
    _printf_int_common                       0x0000145d   Thumb Code   168  _printf_intcommon.o(.text)
    _printf_char_common                      0x00001505   Thumb Code    44  _printf_char_common.o(.text)
    _sputc                                   0x00001539   Thumb Code    10  _sputc.o(.text)
    Inline Thumb to ARM Veneer to __rt_udiv10 0x00001545   Thumb Code     0  rtudiv10.o(.text)
    __rt_udiv10                              0x00001548   ARM Code      44  rtudiv10.o(.text)
    __ARM_call_via_r0                        0x00001575   Thumb Code     2  callvia.o(.text)
    __call_via_r0                            0x00001575   Thumb Code     0  callvia.o(.text)
    __ARM_call_via_r1                        0x00001577   Thumb Code     2  callvia.o(.text)
    __call_via_r1                            0x00001577   Thumb Code     0  callvia.o(.text)
    __ARM_call_via_r2                        0x00001579   Thumb Code     2  callvia.o(.text)
    __call_via_r2                            0x00001579   Thumb Code     0  callvia.o(.text)
    __ARM_call_via_r3                        0x0000157b   Thumb Code     2  callvia.o(.text)
    __call_via_r3                            0x0000157b   Thumb Code     0  callvia.o(.text)
    __ARM_call_via_r4                        0x0000157d   Thumb Code     2  callvia.o(.text)
    __call_via_r4                            0x0000157d   Thumb Code     0  callvia.o(.text)
    __ARM_call_via_r5                        0x0000157f   Thumb Code     2  callvia.o(.text)
    __call_via_r5                            0x0000157f   Thumb Code     0  callvia.o(.text)
    __ARM_call_via_r6                        0x00001581   Thumb Code     2  callvia.o(.text)
    __call_via_r6                            0x00001581   Thumb Code     0  callvia.o(.text)
    __ARM_call_via_r7                        0x00001583   Thumb Code     2  callvia.o(.text)
    __call_via_r7                            0x00001583   Thumb Code     0  callvia.o(.text)
    _sys_exit                                0x00001584   ARM Code      20  sys_exit.o(.text)
    __user_libspace                          0x0000159c   ARM Code       8  libspace.o(.text)
    __user_perproc_libspace                  0x0000159c   ARM Code       0  libspace.o(.text)
    __user_perthread_libspace                0x0000159c   ARM Code       0  libspace.o(.text)
    __printf                                 0x000015a9   Thumb Code   740  __printf.o(.text)
    _printf_outstr_char                      0x00001891   Thumb Code    32  _printf_outstr_char.o(.text)
    _printf_input_char                       0x000018b1   Thumb Code    10  _printf_input_char.o(.text)
    exit                                     0x000018bb   Thumb Code    24  exit.o(.text)
    Inline ARM to Thumb Veneer to __rt_lib_init 0x000018d4   ARM Code       0  lib_init.o(.text)
    __rt_lib_init                            0x000018dd   Thumb Code   188  lib_init.o(.text)
    __rt_lib_shutdown                        0x00001999   Thumb Code    26  lib_init.o(.text)
    _platform_post_stackheap_init            0x000019b4   ARM Code      12  boardinit2.o(.text)
    _platform_post_lib_init                  0x000019c0   ARM Code      16  boardinit3.o(.text)
    __I_use_semihosting                      0x000019d0   ARM Code       0  use_no_semi.o(.text)
    __use_no_semihosting_swi                 0x000019d0   ARM Code       4  use_no_semi.o(.text)
    Inline Thumb to ARM Veneer to __rt_locale 0x000019d5   Thumb Code     0  rt_locale_intlibspace.o(.text)
    __rt_locale                              0x000019d8   ARM Code      12  rt_locale_intlibspace.o(.text)
    __ARM_get_argv                           0x000019e9   Thumb Code     6  no_argv.o(.text)
    __rt_fp_status_addr                      0x000019f0   ARM Code      12  rt_fp_status_addr_intlibspace.o(.text)
    Long ARM to Thumb Veneer to __rt_lib_shutdown 0x00001a00   ARM Code       0  anon$$obj.o(Veneer$$Code)
    Short Thumb to ARM Veneer to __rt_exit   0x00001a0d   Thumb Code     0  anon$$obj.o(Veneer$$Code)
    Inline Thumb to ARM Veneer to _fp_init   0x00001a15   Thumb Code     0  fpinit.o(x$fpl$fpinit)
    _fp_init                                 0x00001a18   ARM Code      24  fpinit.o(x$fpl$fpinit)
    __fplib_config_pureend_doubles           0x00001a28   ARM Code       0  fpinit.o(x$fpl$fpinit)
    SHT$$INIT_ARRAY$$Base                    0x00001af4   Number         0  main.o(.init_array)
    SHT$$INIT_ARRAY$$Limit                   0x00001af8   Number         0  main.o(.init_array)
    Uart                                     0x40000000   Data         517  main.o(.bss)
    Iap                                      0x40000208   Data          32  main.o(.bss)
    __libspace_start                         0x40000228   Data          96  libspace.o(.bss)


================================================================================

Memory Map of the image

  Image Entry point : 0x000000dc

  Load Region LR_IROM1 (Base: 0x00000000, Size: 0x00001af8, Max: 0xffffffff, ABSOLUTE)

    Execution Region ER_IROM1 (Base: 0x00000000, Size: 0x00001af8, Max: 0x00080000, ABSOLUTE)

    Base Addr    Size         Type   Attr      Idx    E Section Name        Object

    0x00000000   0x000000dc   Code   RO            3    RESET               startup.o
    0x000000dc   0x00000008   Code   RO           96  * !!!main             __main.o(c_t__un.l)
    0x000000e4   0x00000004   Ven    RO          155    .emb_text           lib_init.o(c_t__un.l)
    0x000000e8   0x00000010   Code   RO          155    .emb_text           lib_init.o(c_t__un.l)
    0x000000f8   0x00000020   Code   RO            4    .text               startup.o
    0x00000118   0x00000904   Code   RO           11    .text               main.o
    0x00000a1c   0x00000594   Code   RO           49    .text               iap.o
    0x00000fb0   0x00000130   Code   RO           65    .text               uart.o
    0x000010e0   0x00000054   Code   RO           83    .text               _printf_pad.o(c_t__un.l)
    0x00001134   0x000000cc   Code   RO           85    .text               _printf_longlong_hex.o(c_t__un.l)
    0x00001200   0x00000074   Code   RO           88    .text               _printf_dec.o(c_t__un.l)
    0x00001274   0x00000008   Ven    RO           90    .text               __0sprintf.o(c_t__un.l)
    0x0000127c   0x0000002c   Code   RO           90    .text               __0sprintf.o(c_t__un.l)
    0x000012a8   0x00000008   Ven    RO           92    .text               strcpy.o(c_t__un.l)
    0x000012b0   0x00000050   Code   RO           92    .text               strcpy.o(c_t__un.l)
    0x00001300   0x00000058   Code   RO           94    .text               stkheap2.o(c_t__un.l)
    0x00001358   0x0000002c   Code   RO          103    .text               init_aeabi.o(c_t__un.l)
    0x00001384   0x00000068   Code   RO          108    .text               kernel.o(c_t__un.l)
    0x000013ec   0x00000060   Code   RO          111    .text               sys_stackheap_outer.o(c_t__un.l)
    0x0000144c   0x00000010   Code   RO          116    .text               rt_stackheap_storage_intlibspace.o(c_t__un.l)
    0x0000145c   0x000000a8   Code   RO          122    .text               _printf_intcommon.o(c_t__un.l)
    0x00001504   0x00000034   Code   RO          124    .text               _printf_char_common.o(c_t__un.l)
    0x00001538   0x0000000a   Code   RO          126    .text               _sputc.o(c_t__un.l)
    0x00001542   0x00000002   PAD
    0x00001544   0x00000004   Ven    RO          128    .text               rtudiv10.o(c_t__un.l)
    0x00001548   0x0000002c   Code   RO          128    .text               rtudiv10.o(c_t__un.l)
    0x00001574   0x00000010   Code   RO          130    .text               callvia.o(h_t__un.l)
    0x00001584   0x00000018   Code   RO          131    .text               sys_exit.o(c_t__un.l)
    0x0000159c   0x0000000c   Code   RO          133    .text               libspace.o(c_t__un.l)
    0x000015a8   0x000002e8   Code   RO          136    .text               __printf.o(c_t__un.l)
    0x00001890   0x00000020   Code   RO          139    .text               _printf_outstr_char.o(c_t__un.l)
    0x000018b0   0x0000000a   Code   RO          141    .text               _printf_input_char.o(c_t__un.l)
    0x000018ba   0x00000018   Code   RO          143    .text               exit.o(c_t__un.l)
    0x000018d2   0x00000002   PAD
    0x000018d4   0x00000008   Ven    RO          156    .text               lib_init.o(c_t__un.l)
    0x000018dc   0x000000d6   Code   RO          156    .text               lib_init.o(c_t__un.l)
    0x000019b2   0x00000002   PAD
    0x000019b4   0x0000000c   Code   RO          161    .text               boardinit2.o(c_t__un.l)
    0x000019c0   0x00000010   Code   RO          163    .text               boardinit3.o(c_t__un.l)
    0x000019d0   0x00000004   Code   RO          167    .text               use_no_semi.o(c_t__un.l)
    0x000019d4   0x00000004   Ven    RO          174    .text               rt_locale_intlibspace.o(c_t__un.l)
    0x000019d8   0x00000010   Code   RO          174    .text               rt_locale_intlibspace.o(c_t__un.l)
    0x000019e8   0x00000006   Code   RO          188    .text               no_argv.o(c_t__un.l)
    0x000019ee   0x00000002   PAD
    0x000019f0   0x00000010   Code   RO          197    .text               rt_fp_status_addr_intlibspace.o(c_t__un.l)
    0x00001a00   0x0000000c   Ven    RO          236    Veneer$$Code        anon$$obj.o
    0x00001a0c   0x00000008   Ven    RO          237    Veneer$$Code        anon$$obj.o
    0x00001a14   0x00000004   Ven    RO          190    x$fpl$fpinit        fpinit.o(fz_t_p.l)
    0x00001a18   0x00000018   Code   RO          190    x$fpl$fpinit        fpinit.o(fz_t_p.l)
    0x00001a30   0x0000008e   Data   RO           12    .constdata          main.o
    0x00001abe   0x00000022   Data   RO           86    .constdata          _printf_longlong_hex.o(c_t__un.l)
    0x00001ae0   0x00000011   Data   RO          137    .constdata          __printf.o(c_t__un.l)
    0x00001af1   0x00000003   PAD
    0x00001af4   0x00000000   Data   RO          231    Region$$Table       anon$$obj.o
    0x00001af4   0x00000004   Data   RO           14    .init_array         main.o


    Execution Region RW_IRAM1 (Base: 0x40000000, Size: 0x00000710, Max: 0x00008000, ABSOLUTE, UNINIT)

    Base Addr    Size         Type   Attr      Idx    E Section Name        Object

    0x40000000   0x00000228   Zero   RW           13    .bss                main.o
    0x40000228   0x00000060   Zero   RW          134    .bss                libspace.o(c_t__un.l)
    0x40000288   0x00000000   Zero   RW            2    HEAP                startup.o
    0x40000288   0x00000488   Zero   RW            1    STACK               startup.o


================================================================================

Image component sizes


      Code (inc. data)   RO Data    RW Data    ZI Data      Debug   Object Name

      1428         16          0          0          0       7396   iap.o
      2308        444        146          0        552      23272   main.o
       252         60          0          0       1160        396   startup.o
       304          8          0          0          0       1744   uart.o

    ------------------------------------------------------------------------
      4312        532        146          0       1712      32808   Object Totals
        20          4          0          0          0          0   (incl. Generated)
         0          0          0          0          0          0   (incl. Padding)

    ------------------------------------------------------------------------

      Code (inc. data)   RO Data    RW Data    ZI Data      Debug   Library Member Name

        52          4          0          0          0          0   __0sprintf.o
         8          0          0          0          0          0   __main.o
       744          4         17          0          0          0   __printf.o
        52          8          0          0          0          0   _printf_char_common.o
       116         18          0          0          0          0   _printf_dec.o
        10          0          0          0          0          0   _printf_input_char.o
       168          0          0          0          0          0   _printf_intcommon.o
       204         22         34          0          0          0   _printf_longlong_hex.o
        32          0          0          0          0          0   _printf_outstr_char.o
        84          0          0          0          0          0   _printf_pad.o
        10          0          0          0          0          0   _sputc.o
        12          0          0          0          0          0   boardinit2.o
        16          0          0          0          0          0   boardinit3.o
        16          0          0          0          0          0   callvia.o
        24          0          0          0          0          0   exit.o
        28          0          0          0          0          0   fpinit.o
        44          8          0          0          0          0   init_aeabi.o
       104          4          0          0          0          0   kernel.o
       242          4          0          0          0          0   lib_init.o
        12          4          0          0         96          0   libspace.o
         6          0          0          0          0          0   no_argv.o
        16          4          0          0          0          0   rt_fp_status_addr_intlibspace.o
        20          4          0          0          0          0   rt_locale_intlibspace.o
        16          4          0          0          0          0   rt_stackheap_storage_intlibspace.o
        48          0          0          0          0          0   rtudiv10.o
        88          0          0          0          0          0   stkheap2.o
        88          6          0          0          0          0   strcpy.o
        24          8          0          0          0          0   sys_exit.o
        96          0          0          0          0          0   sys_stackheap_outer.o
         4          0          0          0          0          0   use_no_semi.o

    ------------------------------------------------------------------------
      2392        102         54          0         96          0   Library Totals
         8          0          3          0          0          0   (incl. Padding)

    ------------------------------------------------------------------------

      Code (inc. data)   RO Data    RW Data    ZI Data      Debug   Library Name

      2340        102         51          0         96          0   c_t__un.l
        28          0          0          0          0          0   fz_t_p.l
        16          0          0          0          0          0   h_t__un.l

    ------------------------------------------------------------------------
      2392        102         54          0         96          0   Library Totals

    ------------------------------------------------------------------------

================================================================================


      Code (inc. data)   RO Data    RW Data    ZI Data      Debug   

      6704        634        200          0       1808      32808   Grand Totals
      6704        634        200          0       1808      32808   Image Totals

================================================================================

    Total RO  Size (Code + RO Data)                 6904 (   6.74kB)
    Total RW  Size (RW Data + ZI Data)              1808 (   1.77kB)
    Total ROM Size (Code + RO Data + RW Data)       6904 (   6.74kB)

================================================================================

