C51 COMPILER V9.54   MAIN                                                                  08/10/2024 11:55:00 PAGE 1   


C51 COMPILER V9.54, COMPILATION OF MODULE MAIN
OBJECT MODULE PLACED IN main.OBJ
COMPILER INVOKED BY: E:\dianzi\KEILC51\C51\BIN\C51.EXE main.c OPTIMIZE(8,SPEED) BROWSE DEBUG OBJECTEXTEND TABS(2)

line level    source

   1          #include<AT89X52.H>   // 包含51单片机头文件，内部有各种寄存器定义
   2          #include<ZY-4WD_PWM.H>  // 包含HL-1蓝牙智能小车驱动IO口定义等函数
   3              
   4          void main(void)
   5          { 
   6   1      unsigned char i;
   7   1      P1 = 0X00; // 关电车电机  
   8   1      
   9   1      B:for(i = 0; i < 50; i++) // 判断K4是否按下
  10   1        {
  11   2          delay(1);   // 1ms内判断50次，如果其中有一次被判断到K0没按下，便重新检测
  12   2          if(P3_2 != 0) // 当S1按下时，启动小车前进
  13   2             goto B;    // 跳转到标号B，重新检测  
  14   2        } 
  15   1        BUZZ = 0; // 50次检测K0确认是按下之后，蜂鸣器发出“滴”声响，然后启动小车。
  16   1        delay(50);
  17   1        BUZZ = 1; //响50ms后关闭蜂鸣器
  18   1      
  19   1      // 定时器中断配置
  20   1        TMOD = 0X01;
  21   1          TH0 = 0XFc; //1ms定时
  22   1          TL0 = 0X18;
  23   1          TR0 = 1;
  24   1          ET0 = 1;
  25   1        EA = 1;   // 开总中断
  26   1      while(1)
  27   1      { 
  28   2        //有信号为0  没有信号为1
  29   2        if(Left_1_led == 1 && Right_1_led == 1)
  30   2          stop(); // 调用停止函数   前面没有光线
  31   2        else
  32   2        {       
  33   3          if(Left_1_led == 1 && Right_1_led == 0) // 右边检测到红外信号
  34   3          {
  35   4            rightrun(); // 调用小车右转函数
  36   4            delay(20);
  37   4          }
  38   3          if(Right_1_led == 1 && Left_1_led == 0) // 左边检测到红外信号
  39   3          {   
  40   4                    
  41   4            leftrun(); // 调用小车左转函数
  42   4            delay(20);
  43   4          }
  44   3          if(Right_1_led == 0 && Left_1_led == 0) // 两边传感器同时检测到红外
  45   3          {   
  46   4            run();    // 调用前进函数
  47   4            delay(20);  // 前进40毫秒
  48   4          }
  49   3        }  
  50   2      }
  51   1      }


MODULE INFORMATION:   STATIC OVERLAYABLE
   CODE SIZE        =    297    ----
C51 COMPILER V9.54   MAIN                                                                  08/10/2024 11:55:00 PAGE 2   

   CONSTANT SIZE    =   ----    ----
   XDATA SIZE       =   ----    ----
   PDATA SIZE       =   ----    ----
   DATA SIZE        =      6    ----
   IDATA SIZE       =   ----    ----
   BIT SIZE         =      2    ----
END OF MODULE INFORMATION.


C51 COMPILATION COMPLETE.  0 WARNING(S),  0 ERROR(S)
