BL51 BANKED LINKER/LOCATER V6.22                                                        01/20/2016  16:49:26  PAGE 1


BL51 BANKED LINKER/LOCATER V6.22, INVOKED BY:
C:\KEIL\C51\BIN\BL51.EXE STARTUP.obj, ZYWIFI0939CºìÍâÒ£¿Ø¿ØÖÆÐ¡³µ³ÌÐò.obj TO ZYWIFI0939CºìÍâÒ£¿Ø¿ØÖÆÐ¡³µ³ÌÐò RAMSIZE (25
>> 6)


MEMORY MODEL: SMALL


INPUT MODULES INCLUDED:
  STARTUP.obj (?C_STARTUP)
  ZYWIFI0939CºìÍâÒ£¿Ø¿ØÖÆÐ¡³µ³ÌÐò.obj (ZYWIFI0939CºìÍ_Ò£¿Ø¿Ø_ÆÐ¡³µ³ÌÐò)
  C:\KEIL\C51\LIB\C51S.LIB (?C_INIT)


LINK MAP OF MODULE:  ZYWIFI0939CºìÍâÒ£¿Ø¿ØÖÆÐ¡³µ³ÌÐò (?C_STARTUP)


            TYPE    BASE      LENGTH    RELOCATION   SEGMENT NAME
            -----------------------------------------------------

            * * * * * * *   D A T A   M E M O R Y   * * * * * * *
            REG     0000H     0008H     ABSOLUTE     "REG BANK 0"
            DATA    0008H     000EH     UNIT         ?DT?ZYWIFI0939CºìÍ_Ò£¿Ø¿Ø_ÆÐ¡³µ³ÌÐò
            DATA    0016H     0002H     UNIT         _DATA_GROUP_
                    0018H     0008H                  *** GAP ***
            BIT     0020H.0   0000H.3   UNIT         ?BI?ZYWIFI0939CºìÍ_Ò£¿Ø¿Ø_ÆÐ¡³µ³ÌÐò
            BIT     0020H.3   0000H.1   UNIT         _BIT_GROUP_
                    0020H.4   0000H.4                *** GAP ***
            IDATA   0021H     0001H     UNIT         ?STACK

            * * * * * * *   C O D E   M E M O R Y   * * * * * * *
            CODE    0000H     0003H     ABSOLUTE     
                    0003H     0008H                  *** GAP ***
            CODE    000BH     0003H     ABSOLUTE     
                    000EH     0005H                  *** GAP ***
            CODE    0013H     0003H     ABSOLUTE     
            CODE    0016H     00B4H     UNIT         ?PR?IR_IN?ZYWIFI0939CºìÍ_Ò£¿Ø¿Ø_ÆÐ¡³µ³ÌÐò
            CODE    00CAH     008CH     UNIT         ?C_C51STARTUP
            CODE    0156H     0050H     UNIT         ?PR?_CONTROLCAR?ZYWIFI0939CºìÍ_Ò£¿Ø¿Ø_ÆÐ¡³µ³ÌÐò
            CODE    01A6H     0021H     UNIT         ?PR?TIMER0?ZYWIFI0939CºìÍ_Ò£¿Ø¿Ø_ÆÐ¡³µ³ÌÐò
            CODE    01C7H     0021H     UNIT         ?PR?MAIN?ZYWIFI0939CºìÍ_Ò£¿Ø¿Ø_ÆÐ¡³µ³ÌÐò
            CODE    01E8H     0020H     UNIT         ?PR?_DELAY?ZYWIFI0939CºìÍ_Ò£¿Ø¿Ø_ÆÐ¡³µ³ÌÐò
            CODE    0208H     001EH     UNIT         ?PR?PWM_OUT_LEFT_MOTO?ZYWIFI0939CºìÍ_Ò£¿Ø¿Ø_ÆÐ¡³µ³ÌÐò
            CODE    0226H     001EH     UNIT         ?PR?PWM_OUT_RIGHT_MOTO?ZYWIFI0939CºìÍ_Ò£¿Ø¿Ø_ÆÐ¡³µ³ÌÐò
            CODE    0244H     001AH     UNIT         ?PR?_DELAY1MS?ZYWIFI0939CºìÍ_Ò£¿Ø¿Ø_ÆÐ¡³µ³ÌÐò
            CODE    025EH     001AH     UNIT         ?C_INITSEG
            CODE    0278H     0014H     UNIT         ?CO?ZYWIFI0939CºìÍ_Ò£¿Ø¿Ø_ÆÐ¡³µ³ÌÐò
            CODE    028CH     0012H     UNIT         ?PR?_DELAYMS?ZYWIFI0939CºìÍ_Ò£¿Ø¿Ø_ÆÐ¡³µ³ÌÐò
            CODE    029EH     000FH     UNIT         ?PR?RUN?ZYWIFI0939CºìÍ_Ò£¿Ø¿Ø_ÆÐ¡³µ³ÌÐò
            CODE    02ADH     000FH     UNIT         ?PR?BACKRUN?ZYWIFI0939CºìÍ_Ò£¿Ø¿Ø_ÆÐ¡³µ³ÌÐò
            CODE    02BCH     000FH     UNIT         ?PR?LEFTRUN?ZYWIFI0939CºìÍ_Ò£¿Ø¿Ø_ÆÐ¡³µ³ÌÐò
            CODE    02CBH     000FH     UNIT         ?PR?RIGHTRUN?ZYWIFI0939CºìÍ_Ò£¿Ø¿Ø_ÆÐ¡³µ³ÌÐò
            CODE    02DAH     000FH     UNIT         ?PR?DELAY?ZYWIFI0939CºìÍ_Ò£¿Ø¿Ø_ÆÐ¡³µ³ÌÐò
            CODE    02E9H     0009H     UNIT         ?PR?STOP?ZYWIFI0939CºìÍ_Ò£¿Ø¿Ø_ÆÐ¡³µ³ÌÐò



OVERLAY MAP OF MODULE:   ZYWIFI0939CºìÍâÒ£¿Ø¿ØÖÆÐ¡³µ³ÌÐò (?C_STARTUP)
BL51 BANKED LINKER/LOCATER V6.22                                                      01/20/2016  16:49:26  PAGE 2




SEGMENT                                             BIT_GROUP          DATA_GROUP 
  +--> CALLED SEGMENT                            START    LENGTH     START    LENGTH
------------------------------------------------------------------------------------
?C_C51STARTUP                                    -----    -----      -----    -----
  +--> ?PR?MAIN?ZYWIFI0939CºìÍ_Ò£¿Ø¿Ø_ÆÐ¡³µ³ÌÐò
  +--> ?C_INITSEG

?PR?MAIN?ZYWIFI0939CºìÍ_Ò£¿Ø¿Ø_ÆÐ¡³µ³ÌÐò         0020H.3  0000H.1    -----    -----
  +--> ?CO?ZYWIFI0939CºìÍ_Ò£¿Ø¿Ø_ÆÐ¡³µ³ÌÐò
  +--> ?PR?DELAY?ZYWIFI0939CºìÍ_Ò£¿Ø¿Ø_ÆÐ¡³µ...

*** NEW ROOT ***************************************************

?PR?TIMER0?ZYWIFI0939CºìÍ_Ò£¿Ø¿Ø_ÆÐ¡³...         -----    -----      -----    -----
  +--> ?PR?PWM_OUT_LEFT_MOTO?ZYWIFI0939CºìÍ_...
  +--> ?PR?PWM_OUT_RIGHT_MOTO?ZYWIFI0939CºìÍ...

*** NEW ROOT ***************************************************

?PR?IR_IN?ZYWIFI0939CºìÍ_Ò£¿Ø¿Ø_ÆÐ¡³µ...         -----    -----      0016H    0002H
  +--> ?PR?_DELAYMS?ZYWIFI0939CºìÍ_Ò£¿Ø¿Ø_ÆÐ...
  +--> ?CO?ZYWIFI0939CºìÍ_Ò£¿Ø¿Ø_ÆÐ¡³µ³ÌÐò
  +--> ?PR?_CONTROLCAR?ZYWIFI0939CºìÍ_Ò£¿Ø¿Ø...

?PR?_CONTROLCAR?ZYWIFI0939CºìÍ_Ò£¿Ø¿Ø...         -----    -----      -----    -----
  +--> ?PR?STOP?ZYWIFI0939CºìÍ_Ò£¿Ø¿Ø_ÆÐ¡³µ³ÌÐò
  +--> ?PR?_DELAY1MS?ZYWIFI0939CºìÍ_Ò£¿Ø¿Ø_Æ...
  +--> ?PR?RUN?ZYWIFI0939CºìÍ_Ò£¿Ø¿Ø_ÆÐ¡³µ³ÌÐò
  +--> ?CO?ZYWIFI0939CºìÍ_Ò£¿Ø¿Ø_ÆÐ¡³µ³ÌÐò
  +--> ?PR?BACKRUN?ZYWIFI0939CºìÍ_Ò£¿Ø¿Ø_ÆÐ¡...
  +--> ?PR?LEFTRUN?ZYWIFI0939CºìÍ_Ò£¿Ø¿Ø_ÆÐ¡...
  +--> ?PR?RIGHTRUN?ZYWIFI0939CºìÍ_Ò£¿Ø¿Ø_ÆÐ...

?PR?_DELAY1MS?ZYWIFI0939CºìÍ_Ò£¿Ø¿Ø_Æ...         -----    -----      -----    -----
  +--> ?PR?STOP?ZYWIFI0939CºìÍ_Ò£¿Ø¿Ø_ÆÐ¡³µ³ÌÐò



SYMBOL TABLE OF MODULE:  ZYWIFI0939CºìÍâÒ£¿Ø¿ØÖÆÐ¡³µ³ÌÐò (?C_STARTUP)

  VALUE           TYPE          NAME
  ----------------------------------

  -------         MODULE        ?C_STARTUP
  C:00CAH         SEGMENT       ?C_C51STARTUP
  I:0021H         SEGMENT       ?STACK
  C:0000H         PUBLIC        ?C_STARTUP
  D:00E0H         SYMBOL        ACC
  D:00F0H         SYMBOL        B
  D:0083H         SYMBOL        DPH
  D:0082H         SYMBOL        DPL
  N:0000H         SYMBOL        IBPSTACK
  N:0100H         SYMBOL        IBPSTACKTOP
  N:0080H         SYMBOL        IDATALEN
  C:00CDH         SYMBOL        IDATALOOP
BL51 BANKED LINKER/LOCATER V6.22                                                      01/20/2016  16:49:26  PAGE 3


  N:0000H         SYMBOL        PBPSTACK
  N:0100H         SYMBOL        PBPSTACKTOP
  N:0000H         SYMBOL        PDATALEN
  N:0000H         SYMBOL        PDATASTART
  N:0000H         SYMBOL        PPAGE
  N:0000H         SYMBOL        PPAGEENABLE
  D:00A0H         SYMBOL        PPAGE_SFR
  D:0081H         SYMBOL        SP
  C:00CAH         SYMBOL        STARTUP1
  N:0000H         SYMBOL        XBPSTACK
  N:0000H         SYMBOL        XBPSTACKTOP
  N:0000H         SYMBOL        XDATALEN
  N:0000H         SYMBOL        XDATASTART
  C:0000H         LINE#         126
  C:00CAH         LINE#         133
  C:00CCH         LINE#         134
  C:00CDH         LINE#         135
  C:00CEH         LINE#         136
  C:00D0H         LINE#         185
  C:00D3H         LINE#         196
  -------         ENDMOD        ?C_STARTUP

  -------         MODULE        ZYWIFI0939CºìÍ_Ò£¿Ø¿Ø_ÆÐ¡³µ³ÌÐò
  C:0000H         SYMBOL        _ICE_DUMMY_
  D:0080H         PUBLIC        P0
  D:0090H         PUBLIC        P1
  D:00A0H         PUBLIC        P2
  D:00B0H         PUBLIC        P3
  C:024BH         PUBLIC        _Delay1ms
  C:02BCH         PUBLIC        leftrun
  B:00A8H.7       PUBLIC        EA
  D:0008H         PUBLIC        pwm_val_left
  C:0282H         PUBLIC        RecvData
  C:01E8H         PUBLIC        _delay
  C:0016H         PUBLIC        IR_IN
  B:0090H.2       PUBLIC        P1_2
  B:0090H.3       PUBLIC        P1_3
  B:0090H.4       PUBLIC        P1_4
  B:0090H.5       PUBLIC        P1_5
  B:0090H.6       PUBLIC        P1_6
  B:0090H.7       PUBLIC        P1_7
  B:00A0H.0       PUBLIC        LeftLed
  C:01C7H         PUBLIC        main
  D:0009H         PUBLIC        time
  B:00B0H.3       PUBLIC        IRIN
  D:000BH         PUBLIC        RunFlag
  C:0226H         PUBLIC        pwm_out_right_moto
  D:0089H         PUBLIC        TMOD
  C:0278H         PUBLIC        LedShowData
  C:0208H         PUBLIC        pwm_out_left_moto
  B:0020H.0       PUBLIC        EnableLight
  C:02E9H         PUBLIC        stop
  B:00A8H.1       PUBLIC        ET0
  B:0020H.1       PUBLIC        Right_moto_stop
  D:008CH         PUBLIC        TH0
  B:00A8H.2       PUBLIC        EX1
  B:0088H.2       PUBLIC        IT1
BL51 BANKED LINKER/LOCATER V6.22                                                      01/20/2016  16:49:26  PAGE 4


  D:008AH         PUBLIC        TL0
  C:01A6H         PUBLIC        timer0
  C:029EH         PUBLIC        run
  B:0088H.4       PUBLIC        TR0
  B:0020H.2       PUBLIC        Left_moto_stop
  D:000CH         PUBLIC        push_val_right
  C:02ADH         PUBLIC        backrun
  C:02DAH         PUBLIC        Delay
  C:028CH         PUBLIC        _delayms
  D:000DH         PUBLIC        push_val_left
  C:02CBH         PUBLIC        rightrun
  D:000EH         PUBLIC        IRCOM
  D:0015H         PUBLIC        pwm_val_right
  C:0156H         PUBLIC        _ControlCar
  -------         PROC          _DELAY
  D:0006H         SYMBOL        k
  -------         DO            
  D:0004H         SYMBOL        x
  D:0002H         SYMBOL        y
  -------         ENDDO         
  C:01E8H         LINE#         59
  C:01E8H         LINE#         60
  C:01E8H         LINE#         62
  C:01F2H         LINE#         63
  C:0207H         LINE#         64
  -------         ENDPROC       _DELAY
  -------         PROC          RUN
  C:029EH         LINE#         67
  C:029EH         LINE#         68
  C:029EH         LINE#         69
  C:02A1H         LINE#         70
  C:02A4H         LINE#         71
  C:02A8H         LINE#         72
  C:02ACH         LINE#         73
  -------         ENDPROC       RUN
  -------         PROC          STOP
  C:02E9H         LINE#         75
  C:02E9H         LINE#         76
  C:02E9H         LINE#         78
  C:02EDH         LINE#         79
  C:02F1H         LINE#         80
  -------         ENDPROC       STOP
  -------         PROC          BACKRUN
  C:02ADH         LINE#         82
  C:02ADH         LINE#         83
  C:02ADH         LINE#         84
  C:02B0H         LINE#         85
  C:02B3H         LINE#         86
  C:02B7H         LINE#         87
  C:02BBH         LINE#         88
  -------         ENDPROC       BACKRUN
  -------         PROC          LEFTRUN
  C:02BCH         LINE#         91
  C:02BCH         LINE#         92
  C:02BCH         LINE#         93
  C:02BFH         LINE#         94
  C:02C2H         LINE#         95
BL51 BANKED LINKER/LOCATER V6.22                                                      01/20/2016  16:49:26  PAGE 5


  C:02C6H         LINE#         96
  C:02CAH         LINE#         97
  -------         ENDPROC       LEFTRUN
  -------         PROC          RIGHTRUN
  C:02CBH         LINE#         100
  C:02CBH         LINE#         101
  C:02CBH         LINE#         102
  C:02CEH         LINE#         103
  C:02D1H         LINE#         104
  C:02D5H         LINE#         105
  C:02D9H         LINE#         106
  -------         ENDPROC       RIGHTRUN
  -------         PROC          PWM_OUT_LEFT_MOTO
  C:0208H         LINE#         114
  C:0208H         LINE#         115
  C:0208H         LINE#         116
  C:020BH         LINE#         117
  C:020BH         LINE#         118
  C:0212H         LINE#         119
  C:0212H         LINE#         120
  C:0214H         LINE#         122
  C:0216H         LINE#         124
  C:0216H         LINE#         125
  C:0218H         LINE#         127
  C:0218H         LINE#         128
  C:021FH         LINE#         129
  C:0222H         LINE#         130
  C:0223H         LINE#         132
  C:0223H         LINE#         133
  C:0225H         LINE#         135
  C:0225H         LINE#         136
  -------         ENDPROC       PWM_OUT_LEFT_MOTO
  -------         PROC          PWM_OUT_RIGHT_MOTO
  C:0226H         LINE#         139
  C:0226H         LINE#         140
  C:0226H         LINE#         141
  C:0229H         LINE#         142
  C:0229H         LINE#         143
  C:0230H         LINE#         144
  C:0230H         LINE#         145
  C:0232H         LINE#         147
  C:0234H         LINE#         149
  C:0234H         LINE#         150
  C:0236H         LINE#         152
  C:0236H         LINE#         153
  C:023DH         LINE#         154
  C:0240H         LINE#         155
  C:0241H         LINE#         157
  C:0241H         LINE#         158
  C:0243H         LINE#         160
  C:0243H         LINE#         161
  -------         ENDPROC       PWM_OUT_RIGHT_MOTO
  -------         PROC          TIMER0
  C:01A6H         LINE#         165
  C:01AAH         LINE#         167
  C:01ADH         LINE#         168
  C:01B0H         LINE#         169
BL51 BANKED LINKER/LOCATER V6.22                                                      01/20/2016  16:49:26  PAGE 6


  C:01B8H         LINE#         170
  C:01BAH         LINE#         171
  C:01BCH         LINE#         172
  C:01BFH         LINE#         173
  C:01C2H         LINE#         174
  -------         ENDPROC       TIMER0
  -------         PROC          _DELAYMS
  D:0007H         SYMBOL        x
  -------         DO            
  D:0006H         SYMBOL        i
  -------         ENDDO         
  C:028CH         LINE#         66
  C:028CH         LINE#         67
  C:028CH         LINE#         69
  C:0292H         LINE#         70
  C:0292H         LINE#         71
  C:029DH         LINE#         72
  C:029DH         LINE#         73
  -------         ENDPROC       _DELAYMS
  C:0244H         SYMBOL        L?0088
  -------         PROC          L?0087
  -------         ENDPROC       L?0087
  C:0244H         SYMBOL        L?0088
  -------         PROC          _DELAY1MS
  D:0006H         SYMBOL        i
  -------         DO            
  D:0005H         SYMBOL        j
  D:0004H         SYMBOL        k
  -------         ENDDO         
  C:024BH         LINE#         75
  C:024BH         LINE#         76
  C:024BH         LINE#         78
  C:024BH         LINE#         79
  C:024DH         LINE#         80
  C:024DH         LINE#         81
  C:024FH         LINE#         82
  C:024FH         LINE#         83
  C:0250H         LINE#         84
  C:0252H         LINE#         85
  C:0254H         LINE#         86
  C:025DH         LINE#         88
  -------         ENDPROC       _DELAY1MS
  -------         PROC          DELAY
  -------         DO            
  D:0006H         SYMBOL        DelayTime
  -------         ENDDO         
  C:02DAH         LINE#         89
  C:02DAH         LINE#         90
  C:02DEH         LINE#         91
  C:02E8H         LINE#         93
  -------         ENDPROC       DELAY
  -------         PROC          _CONTROLCAR
  D:0007H         SYMBOL        ConType
  C:0156H         LINE#         96
  C:0156H         LINE#         97
  C:0156H         LINE#         99
  C:0159H         LINE#         101
BL51 BANKED LINKER/LOCATER V6.22                                                      01/20/2016  16:49:26  PAGE 7


  C:016BH         LINE#         102
  C:016BH         LINE#         103
  C:016BH         LINE#         104
  C:016BH         LINE#         106
  C:016BH         LINE#         107
  C:016EH         LINE#         108
  C:0170H         LINE#         109
  C:0173H         LINE#         110
  C:0176H         LINE#         111
  C:0178H         LINE#         112
  C:0178H         LINE#         113
  C:0178H         LINE#         114
  C:0178H         LINE#         115
  C:0178H         LINE#         116
  C:017BH         LINE#         117
  C:017DH         LINE#         118
  C:0180H         LINE#         119
  C:0183H         LINE#         120
  C:0185H         LINE#         121
  C:0185H         LINE#         122
  C:0185H         LINE#         123
  C:0185H         LINE#         124
  C:0185H         LINE#         125
  C:0188H         LINE#         126
  C:018BH         LINE#         127
  C:018EH         LINE#         128
  C:0190H         LINE#         129
  C:0190H         LINE#         130
  C:0190H         LINE#         131
  C:0190H         LINE#         132
  C:0190H         LINE#         133
  C:0193H         LINE#         134
  C:0196H         LINE#         135
  C:0199H         LINE#         136
  C:019BH         LINE#         137
  C:019BH         LINE#         138
  C:019BH         LINE#         139
  C:019BH         LINE#         140
  C:019EH         LINE#         141
  C:01A5H         LINE#         142
  C:01A5H         LINE#         144
  C:01A5H         LINE#         145
  C:01A5H         LINE#         146
  -------         ENDPROC       _CONTROLCAR
  -------         PROC          IR_IN
  -------         DO            
  D:0016H         SYMBOL        j
  D:0017H         SYMBOL        k
  D:0004H         SYMBOL        N
  -------         ENDDO         
  C:0016H         LINE#         148
  C:0021H         LINE#         150
  C:0023H         LINE#         152
  C:0025H         LINE#         153
  C:002AH         LINE#         154
  C:002DH         LINE#         155
  C:002DH         LINE#         156
BL51 BANKED LINKER/LOCATER V6.22                                                      01/20/2016  16:49:26  PAGE 8


  C:0032H         LINE#         158
  C:0032H         LINE#         160
  C:0035H         LINE#         161
  C:0035H         LINE#         162
  C:003AH         LINE#         163
  C:003CH         LINE#         165
  C:003FH         LINE#         166
  C:003FH         LINE#         167
  C:0042H         LINE#         168
  C:0042H         LINE#         169
  C:0045H         LINE#         170
  C:0045H         LINE#         171
  C:004AH         LINE#         172
  C:004CH         LINE#         174
  C:004FH         LINE#         175
  C:004FH         LINE#         176
  C:0054H         LINE#         177
  C:0056H         LINE#         179
  C:0059H         LINE#         180
  C:0059H         LINE#         181
  C:005EH         LINE#         182
  C:005FH         LINE#         183
  C:0065H         LINE#         184
  C:0065H         LINE#         185
  C:0069H         LINE#         187
  C:0069H         LINE#         188
  C:0069H         LINE#         190
  C:0077H         LINE#         192
  C:007DH         LINE#         193
  C:007DH         LINE#         194
  C:0086H         LINE#         195
  C:0086H         LINE#         196
  C:0088H         LINE#         197
  C:0091H         LINE#         198
  C:009AH         LINE#         200
  C:00A1H         LINE#         201
  C:00A1H         LINE#         202
  C:00A5H         LINE#         204
  C:00A5H         LINE#         206
  C:00A8H         LINE#         207
  C:00A8H         LINE#         208
  C:00B1H         LINE#         209
  C:00B1H         LINE#         210
  C:00B6H         LINE#         211
  C:00B6H         LINE#         212
  C:00BFH         LINE#         214
  C:00C1H         LINE#         215
  -------         ENDPROC       IR_IN
  -------         PROC          MAIN
  -------         DO            
  B:0020H.3       SYMBOL        ExeFlag
  -------         ENDDO         
  C:01C7H         LINE#         217
  C:01C7H         LINE#         218
  C:01C7H         LINE#         219
  C:01C9H         LINE#         220
  C:01CBH         LINE#         221
BL51 BANKED LINKER/LOCATER V6.22                                                      01/20/2016  16:49:26  PAGE 9


  C:01CDH         LINE#         222
  C:01CFH         LINE#         223
  C:01D2H         LINE#         224
  C:01D5H         LINE#         225
  C:01D8H         LINE#         226
  C:01DAH         LINE#         227
  C:01DCH         LINE#         228
  C:01E3H         LINE#         229
  C:01E3H         LINE#         230
  C:01E3H         LINE#         231
  C:01E6H         LINE#         232
  -------         ENDPROC       MAIN
  -------         ENDMOD        ZYWIFI0939CºìÍ_Ò£¿Ø¿Ø_ÆÐ¡³µ³ÌÐò

*** WARNING L16: UNCALLED SEGMENT, IGNORED FOR OVERLAY PROCESS
    SEGMENT: ?PR?_DELAY?ZYWIFI0939CºìÍ_Ò£¿Ø¿Ø_ÆÐ¡³µ³ÌÐò

Program Size: data=25.4 xdata=0 code=741
LINK/LOCATE RUN COMPLETE.  1 WARNING(S),  0 ERROR(S)
