BL51 BANKED LINKER/LOCATER V6.22                                                        07/12/2016  12:05:05  PAGE 1


BL51 BANKED LINKER/LOCATER V6.22, INVOKED BY:
C:\KEIL\C51\BIN\BL51.EXE main.obj TO ZYWIFI0939CÑ­¼£Ñ²ºÚÏß+±ÜÕÏ×ÛºÏ²Î¿¼Ô´³ÌÐò RAMSIZE (256)


MEMORY MODEL: SMALL


INPUT MODULES INCLUDED:
  main.obj (MAIN)
  C:\KEIL\C51\LIB\C51S.LIB (?C_STARTUP)
  C:\KEIL\C51\LIB\C51S.LIB (?C_INIT)


LINK MAP OF MODULE:  ZYWIFI0939CÑ­¼£Ñ²ºÚÏß+±ÜÕÏ×ÛºÏ²Î¿¼Ô´³ÌÐò (MAIN)


            TYPE    BASE      LENGTH    RELOCATION   SEGMENT NAME
            -----------------------------------------------------

            * * * * * * *   D A T A   M E M O R Y   * * * * * * *
            REG     0000H     0008H     ABSOLUTE     "REG BANK 0"
            DATA    0008H     0006H     UNIT         ?DT?MAIN
            DATA    000EH     0001H     UNIT         _DATA_GROUP_
                    000FH     0011H                  *** GAP ***
            BIT     0020H.0   0000H.2   UNIT         ?BI?MAIN
                    0020H.2   0000H.6                *** GAP ***
            IDATA   0021H     0001H     UNIT         ?STACK

            * * * * * * *   C O D E   M E M O R Y   * * * * * * *
            CODE    0000H     0003H     ABSOLUTE     
                    0003H     0008H                  *** GAP ***
            CODE    000BH     0003H     ABSOLUTE     
            CODE    000EH     008CH     UNIT         ?C_C51STARTUP
            CODE    009AH     0043H     UNIT         ?PR?MAIN?MAIN
            CODE    00DDH     0021H     UNIT         ?PR?TIMER0?MAIN
            CODE    00FEH     0020H     UNIT         ?PR?_DELAY?MAIN
            CODE    011EH     001EH     UNIT         ?PR?PWM_OUT_LEFT_MOTO?MAIN
            CODE    013CH     001EH     UNIT         ?PR?PWM_OUT_RIGHT_MOTO?MAIN
            CODE    015AH     0015H     UNIT         ?C_INITSEG
            CODE    016FH     000FH     UNIT         ?PR?RUN?MAIN
            CODE    017EH     000FH     UNIT         ?PR?BACKRUN?MAIN
            CODE    018DH     000FH     UNIT         ?PR?LEFTRUN?MAIN
            CODE    019CH     000FH     UNIT         ?PR?RIGHTRUN?MAIN
            CODE    01ABH     0009H     UNIT         ?PR?STOP?MAIN



OVERLAY MAP OF MODULE:   ZYWIFI0939CÑ­¼£Ñ²ºÚÏß+±ÜÕÏ×ÛºÏ²Î¿¼Ô´³ÌÐò (MAIN)


SEGMENT                               DATA_GROUP 
  +--> CALLED SEGMENT               START    LENGTH
---------------------------------------------------
?PR?TIMER0?MAIN                     -----    -----
  +--> ?PR?PWM_OUT_LEFT_MOTO?MAIN
  +--> ?PR?PWM_OUT_RIGHT_MOTO?MAIN

*** NEW ROOT ***************************************************
BL51 BANKED LINKER/LOCATER V6.22                                                      07/12/2016  12:05:05  PAGE 2



?C_C51STARTUP                       -----    -----
  +--> ?PR?MAIN?MAIN
  +--> ?C_INITSEG

?PR?MAIN?MAIN                       000EH    0001H
  +--> ?PR?STOP?MAIN
  +--> ?PR?RUN?MAIN
  +--> ?PR?LEFTRUN?MAIN
  +--> ?PR?RIGHTRUN?MAIN



SYMBOL TABLE OF MODULE:  ZYWIFI0939CÑ­¼£Ñ²ºÚÏß+±ÜÕÏ×ÛºÏ²Î¿¼Ô´³ÌÐò (MAIN)

  VALUE           TYPE          NAME
  ----------------------------------

  -------         MODULE        MAIN
  C:0000H         SYMBOL        _ICE_DUMMY_
  D:0090H         PUBLIC        P1
  D:00A0H         PUBLIC        P2
  C:018DH         PUBLIC        leftrun
  B:00A8H.7       PUBLIC        EA
  D:0008H         PUBLIC        pwm_val_left
  C:00FEH         PUBLIC        _delay
  B:0090H.2       PUBLIC        P1_2
  B:0090H.3       PUBLIC        P1_3
  B:0090H.4       PUBLIC        P1_4
  B:0090H.5       PUBLIC        P1_5
  B:00B0H.4       PUBLIC        P3_4
  B:0090H.6       PUBLIC        P1_6
  B:00B0H.5       PUBLIC        P3_5
  B:0090H.7       PUBLIC        P1_7
  B:00B0H.6       PUBLIC        P3_6
  B:00B0H.7       PUBLIC        P3_7
  C:009AH         PUBLIC        main
  D:0009H         PUBLIC        time
  C:013CH         PUBLIC        pwm_out_right_moto
  D:0089H         PUBLIC        TMOD
  C:011EH         PUBLIC        pwm_out_left_moto
  C:01ABH         PUBLIC        stop
  B:00A8H.1       PUBLIC        ET0
  B:0020H.0       PUBLIC        Right_moto_stop
  D:008CH         PUBLIC        TH0
  D:008AH         PUBLIC        TL0
  C:00DDH         PUBLIC        timer0
  C:016FH         PUBLIC        run
  B:0088H.4       PUBLIC        TR0
  B:0020H.1       PUBLIC        Left_moto_stop
  D:000BH         PUBLIC        push_val_right
  C:017EH         PUBLIC        backrun
  D:000CH         PUBLIC        push_val_left
  C:019CH         PUBLIC        rightrun
  D:000DH         PUBLIC        pwm_val_right
  -------         PROC          _DELAY
  D:0006H         SYMBOL        k
BL51 BANKED LINKER/LOCATER V6.22                                                      07/12/2016  12:05:05  PAGE 3


  -------         DO            
  D:0004H         SYMBOL        x
  D:0002H         SYMBOL        y
  -------         ENDDO         
  C:00FEH         LINE#         76
  C:00FEH         LINE#         77
  C:00FEH         LINE#         79
  C:0108H         LINE#         80
  C:011DH         LINE#         81
  -------         ENDPROC       _DELAY
  -------         PROC          RUN
  C:016FH         LINE#         84
  C:016FH         LINE#         85
  C:016FH         LINE#         86
  C:0172H         LINE#         87
  C:0175H         LINE#         88
  C:0179H         LINE#         89
  C:017DH         LINE#         90
  -------         ENDPROC       RUN
  -------         PROC          BACKRUN
  C:017EH         LINE#         93
  C:017EH         LINE#         94
  C:017EH         LINE#         95
  C:0181H         LINE#         96
  C:0184H         LINE#         97
  C:0188H         LINE#         98
  C:018CH         LINE#         99
  -------         ENDPROC       BACKRUN
  -------         PROC          LEFTRUN
  C:018DH         LINE#         102
  C:018DH         LINE#         103
  C:018DH         LINE#         104
  C:0190H         LINE#         105
  C:0193H         LINE#         106
  C:0197H         LINE#         107
  C:019BH         LINE#         108
  -------         ENDPROC       LEFTRUN
  -------         PROC          RIGHTRUN
  C:019CH         LINE#         111
  C:019CH         LINE#         112
  C:019CH         LINE#         113
  C:019FH         LINE#         114
  C:01A2H         LINE#         115
  C:01A6H         LINE#         116
  C:01AAH         LINE#         117
  -------         ENDPROC       RIGHTRUN
  -------         PROC          STOP
  C:01ABH         LINE#         120
  C:01ABH         LINE#         121
  C:01ABH         LINE#         123
  C:01AFH         LINE#         124
  C:01B3H         LINE#         125
  -------         ENDPROC       STOP
  -------         PROC          PWM_OUT_LEFT_MOTO
  C:011EH         LINE#         132
  C:011EH         LINE#         133
  C:011EH         LINE#         134
BL51 BANKED LINKER/LOCATER V6.22                                                      07/12/2016  12:05:05  PAGE 4


  C:0121H         LINE#         135
  C:0121H         LINE#         136
  C:0128H         LINE#         137
  C:0128H         LINE#         138
  C:012AH         LINE#         140
  C:012CH         LINE#         142
  C:012CH         LINE#         143
  C:012EH         LINE#         145
  C:012EH         LINE#         146
  C:0135H         LINE#         147
  C:0138H         LINE#         148
  C:0139H         LINE#         150
  C:0139H         LINE#         151
  C:013BH         LINE#         153
  C:013BH         LINE#         154
  -------         ENDPROC       PWM_OUT_LEFT_MOTO
  -------         PROC          PWM_OUT_RIGHT_MOTO
  C:013CH         LINE#         157
  C:013CH         LINE#         158
  C:013CH         LINE#         159
  C:013FH         LINE#         160
  C:013FH         LINE#         161
  C:0146H         LINE#         162
  C:0146H         LINE#         163
  C:0148H         LINE#         165
  C:014AH         LINE#         167
  C:014AH         LINE#         168
  C:014CH         LINE#         170
  C:014CH         LINE#         171
  C:0153H         LINE#         172
  C:0156H         LINE#         173
  C:0157H         LINE#         175
  C:0157H         LINE#         176
  C:0159H         LINE#         178
  C:0159H         LINE#         179
  -------         ENDPROC       PWM_OUT_RIGHT_MOTO
  -------         PROC          TIMER0
  C:00DDH         LINE#         183
  C:00E1H         LINE#         185
  C:00E4H         LINE#         186
  C:00E7H         LINE#         187
  C:00EFH         LINE#         188
  C:00F1H         LINE#         189
  C:00F3H         LINE#         190
  C:00F6H         LINE#         191
  C:00F9H         LINE#         192
  -------         ENDPROC       TIMER0
  -------         PROC          MAIN
  -------         DO            
  D:000EH         SYMBOL        i
  -------         ENDDO         
  C:009AH         LINE#         23
  C:009AH         LINE#         24
  C:009AH         LINE#         27
  C:009DH         LINE#         28
  C:00A0H         LINE#         29
  C:00A3H         LINE#         30
BL51 BANKED LINKER/LOCATER V6.22                                                      07/12/2016  12:05:05  PAGE 5


  C:00A6H         LINE#         31
  C:00A8H         LINE#         32
  C:00AAH         LINE#         33
  C:00ACH         LINE#         36
  C:00ACH         LINE#         37
  C:00ACH         LINE#         40
  C:00B2H         LINE#         42
  C:00B2H         LINE#         44
  C:00B5H         LINE#         46
  C:00B7H         LINE#         52
  C:00BDH         LINE#         54
  C:00BDH         LINE#         55
  C:00C0H         LINE#         58
  C:00C0H         LINE#         60
  C:00C6H         LINE#         61
  C:00C6H         LINE#         62
  C:00C9H         LINE#         65
  C:00C9H         LINE#         67
  C:00CFH         LINE#         68
  C:00CFH         LINE#         69
  C:00D2H         LINE#         72
  C:00D2H         LINE#         73
  C:00D8H         LINE#         74
  C:00D8H         LINE#         75
  C:00DBH         LINE#         77
  C:00DBH         LINE#         79
  C:00DBH         LINE#         80
  -------         ENDPROC       MAIN
  -------         ENDMOD        MAIN

*** WARNING L16: UNCALLED SEGMENT, IGNORED FOR OVERLAY PROCESS
    SEGMENT: ?PR?_DELAY?MAIN

*** WARNING L16: UNCALLED SEGMENT, IGNORED FOR OVERLAY PROCESS
    SEGMENT: ?PR?BACKRUN?MAIN

Program Size: data=16.2 xdata=0 code=428
LINK/LOCATE RUN COMPLETE.  2 WARNING(S),  0 ERROR(S)
