BL51 BANKED LINKER/LOCATER V6.22                                                        01/20/2016  16:42:41  PAGE 1


BL51 BANKED LINKER/LOCATER V6.22, INVOKED BY:
C:\KEIL\C51\BIN\BL51.EXE STARTUP.obj, ZYWIFI0939CºìÍâÒ£¿Ø¿ØÖÆÐ¡³µ³ÌÐò.obj TO ZYWIFI0939CºìÍâÒ£¿Ø¿ØÖÆÐ¡³µ³ÌÐò RAMSIZE (25
>> 6)


MEMORY MODEL: SMALL


INPUT MODULES INCLUDED:
  STARTUP.obj (?C_STARTUP)
  ZYWIFI0939CºìÍâÒ£¿Ø¿ØÖÆÐ¡³µ³ÌÐò.obj (ZYWIFI0939CºìÍ_Ò£¿Ø¿Ø_ÆÐ¡³µ³ÌÐò)
  C:\KEIL\C51\LIB\C51S.LIB (?C_INIT)


LINK MAP OF MODULE:  ZYWIFI0939CºìÍâÒ£¿Ø¿ØÖÆÐ¡³µ³ÌÐò (?C_STARTUP)


            TYPE    BASE      LENGTH    RELOCATION   SEGMENT NAME
            -----------------------------------------------------

            * * * * * * *   D A T A   M E M O R Y   * * * * * * *
            REG     0000H     0008H     ABSOLUTE     "REG BANK 0"
            DATA    0008H     000AH     UNIT         ?DT?ZYWIFI0939CºìÍ_Ò£¿Ø¿Ø_ÆÐ¡³µ³ÌÐò
            DATA    0012H     0002H     UNIT         _DATA_GROUP_
                    0014H     000CH                  *** GAP ***
            BIT     0020H.0   0000H.1   UNIT         ?BI?ZYWIFI0939CºìÍ_Ò£¿Ø¿Ø_ÆÐ¡³µ³ÌÐò
            BIT     0020H.1   0000H.1   UNIT         _BIT_GROUP_
                    0020H.2   0000H.6                *** GAP ***
            IDATA   0021H     0001H     UNIT         ?STACK

            * * * * * * *   C O D E   M E M O R Y   * * * * * * *
            CODE    0000H     0003H     ABSOLUTE     
            CODE    0003H     000FH     UNIT         ?PR?DELAY?ZYWIFI0939CºìÍ_Ò£¿Ø¿Ø_ÆÐ¡³µ³ÌÐò
                    0012H     0001H                  *** GAP ***
            CODE    0013H     0003H     ABSOLUTE     
            CODE    0016H     00B4H     UNIT         ?PR?IR_IN?ZYWIFI0939CºìÍ_Ò£¿Ø¿Ø_ÆÐ¡³µ³ÌÐò
            CODE    00CAH     008CH     UNIT         ?C_C51STARTUP
            CODE    0156H     004CH     UNIT         ?PR?_CONTROLCAR?ZYWIFI0939CºìÍ_Ò£¿Ø¿Ø_ÆÐ¡³µ³ÌÐò
            CODE    01A2H     001AH     UNIT         ?PR?_DELAY1MS?ZYWIFI0939CºìÍ_Ò£¿Ø¿Ø_ÆÐ¡³µ³ÌÐò
            CODE    01BCH     001AH     UNIT         ?PR?MAIN?ZYWIFI0939CºìÍ_Ò£¿Ø¿Ø_ÆÐ¡³µ³ÌÐò
            CODE    01D6H     0014H     UNIT         ?CO?ZYWIFI0939CºìÍ_Ò£¿Ø¿Ø_ÆÐ¡³µ³ÌÐò
            CODE    01EAH     0012H     UNIT         ?PR?_DELAYMS?ZYWIFI0939CºìÍ_Ò£¿Ø¿Ø_ÆÐ¡³µ³ÌÐò
            CODE    01FCH     0009H     UNIT         ?PR?TINGZHI?ZYWIFI0939CºìÍ_Ò£¿Ø¿Ø_ÆÐ¡³µ³ÌÐò
            CODE    0205H     0009H     UNIT         ?PR?QIANJIN?ZYWIFI0939CºìÍ_Ò£¿Ø¿Ø_ÆÐ¡³µ³ÌÐò
            CODE    020EH     0009H     UNIT         ?PR?HOUTUI?ZYWIFI0939CºìÍ_Ò£¿Ø¿Ø_ÆÐ¡³µ³ÌÐò
            CODE    0217H     0009H     UNIT         ?PR?YOUZHUAN?ZYWIFI0939CºìÍ_Ò£¿Ø¿Ø_ÆÐ¡³µ³ÌÐò
            CODE    0220H     0009H     UNIT         ?PR?ZUOZHUAN?ZYWIFI0939CºìÍ_Ò£¿Ø¿Ø_ÆÐ¡³µ³ÌÐò
            CODE    0229H     0006H     UNIT         ?C_INITSEG



OVERLAY MAP OF MODULE:   ZYWIFI0939CºìÍâÒ£¿Ø¿ØÖÆÐ¡³µ³ÌÐò (?C_STARTUP)


SEGMENT                                             BIT_GROUP          DATA_GROUP 
  +--> CALLED SEGMENT                            START    LENGTH     START    LENGTH
------------------------------------------------------------------------------------
?C_C51STARTUP                                    -----    -----      -----    -----
BL51 BANKED LINKER/LOCATER V6.22                                                      01/20/2016  16:42:41  PAGE 2


  +--> ?PR?MAIN?ZYWIFI0939CºìÍ_Ò£¿Ø¿Ø_ÆÐ¡³µ³ÌÐò
  +--> ?C_INITSEG

?PR?MAIN?ZYWIFI0939CºìÍ_Ò£¿Ø¿Ø_ÆÐ¡³µ³ÌÐò         0020H.1  0000H.1    -----    -----
  +--> ?CO?ZYWIFI0939CºìÍ_Ò£¿Ø¿Ø_ÆÐ¡³µ³ÌÐò
  +--> ?PR?DELAY?ZYWIFI0939CºìÍ_Ò£¿Ø¿Ø_ÆÐ¡³µ...

*** NEW ROOT ***************************************************

?PR?IR_IN?ZYWIFI0939CºìÍ_Ò£¿Ø¿Ø_ÆÐ¡³µ...         -----    -----      0012H    0002H
  +--> ?PR?_DELAYMS?ZYWIFI0939CºìÍ_Ò£¿Ø¿Ø_ÆÐ...
  +--> ?CO?ZYWIFI0939CºìÍ_Ò£¿Ø¿Ø_ÆÐ¡³µ³ÌÐò
  +--> ?PR?_CONTROLCAR?ZYWIFI0939CºìÍ_Ò£¿Ø¿Ø...

?PR?_CONTROLCAR?ZYWIFI0939CºìÍ_Ò£¿Ø¿Ø...         -----    -----      -----    -----
  +--> ?PR?TINGZHI?ZYWIFI0939CºìÍ_Ò£¿Ø¿Ø_ÆÐ¡...
  +--> ?PR?_DELAY1MS?ZYWIFI0939CºìÍ_Ò£¿Ø¿Ø_Æ...
  +--> ?PR?QIANJIN?ZYWIFI0939CºìÍ_Ò£¿Ø¿Ø_ÆÐ¡...
  +--> ?CO?ZYWIFI0939CºìÍ_Ò£¿Ø¿Ø_ÆÐ¡³µ³ÌÐò
  +--> ?PR?HOUTUI?ZYWIFI0939CºìÍ_Ò£¿Ø¿Ø_ÆÐ¡³...
  +--> ?PR?ZUOZHUAN?ZYWIFI0939CºìÍ_Ò£¿Ø¿Ø_ÆÐ...
  +--> ?PR?YOUZHUAN?ZYWIFI0939CºìÍ_Ò£¿Ø¿Ø_ÆÐ...

?PR?_DELAY1MS?ZYWIFI0939CºìÍ_Ò£¿Ø¿Ø_Æ...         -----    -----      -----    -----
  +--> ?PR?TINGZHI?ZYWIFI0939CºìÍ_Ò£¿Ø¿Ø_ÆÐ¡...



SYMBOL TABLE OF MODULE:  ZYWIFI0939CºìÍâÒ£¿Ø¿ØÖÆÐ¡³µ³ÌÐò (?C_STARTUP)

  VALUE           TYPE          NAME
  ----------------------------------

  -------         MODULE        ?C_STARTUP
  C:00CAH         SEGMENT       ?C_C51STARTUP
  I:0021H         SEGMENT       ?STACK
  C:0000H         PUBLIC        ?C_STARTUP
  D:00E0H         SYMBOL        ACC
  D:00F0H         SYMBOL        B
  D:0083H         SYMBOL        DPH
  D:0082H         SYMBOL        DPL
  N:0000H         SYMBOL        IBPSTACK
  N:0100H         SYMBOL        IBPSTACKTOP
  N:0080H         SYMBOL        IDATALEN
  C:00CDH         SYMBOL        IDATALOOP
  N:0000H         SYMBOL        PBPSTACK
  N:0100H         SYMBOL        PBPSTACKTOP
  N:0000H         SYMBOL        PDATALEN
  N:0000H         SYMBOL        PDATASTART
  N:0000H         SYMBOL        PPAGE
  N:0000H         SYMBOL        PPAGEENABLE
  D:00A0H         SYMBOL        PPAGE_SFR
  D:0081H         SYMBOL        SP
  C:00CAH         SYMBOL        STARTUP1
  N:0000H         SYMBOL        XBPSTACK
  N:0000H         SYMBOL        XBPSTACKTOP
  N:0000H         SYMBOL        XDATALEN
BL51 BANKED LINKER/LOCATER V6.22                                                      01/20/2016  16:42:41  PAGE 3


  N:0000H         SYMBOL        XDATASTART
  C:0000H         LINE#         126
  C:00CAH         LINE#         133
  C:00CCH         LINE#         134
  C:00CDH         LINE#         135
  C:00CEH         LINE#         136
  C:00D0H         LINE#         185
  C:00D3H         LINE#         196
  -------         ENDMOD        ?C_STARTUP

  -------         MODULE        ZYWIFI0939CºìÍ_Ò£¿Ø¿Ø_ÆÐ¡³µ³ÌÐò
  C:0000H         SYMBOL        _ICE_DUMMY_
  D:0080H         PUBLIC        P0
  D:0090H         PUBLIC        P1
  C:01FCH         PUBLIC        tingzhi
  D:00A0H         PUBLIC        P2
  D:00B0H         PUBLIC        P3
  C:01A9H         PUBLIC        _Delay1ms
  B:00A8H.7       PUBLIC        EA
  D:0008H         SYMBOL        LedFlash
  C:0217H         PUBLIC        youzhuan
  C:0220H         PUBLIC        zuozhuan
  D:00A8H         PUBLIC        IE
  C:01E0H         PUBLIC        RecvData
  C:0016H         PUBLIC        IR_IN
  D:00B8H         PUBLIC        IP
  C:020EH         PUBLIC        houtui
  C:01BCH         PUBLIC        main
  B:00B0H.3       PUBLIC        IRIN
  D:000AH         PUBLIC        RunFlag
  D:0098H         PUBLIC        SCON
  D:0088H         PUBLIC        TCON
  C:01D6H         PUBLIC        LedShowData
  B:0090H.2       PUBLIC        M1A
  B:0090H.4       PUBLIC        M2A
  B:0090H.3       PUBLIC        M1B
  B:0090H.5       PUBLIC        M2B
  B:0020H.0       PUBLIC        EnableLight
  B:00A8H.2       PUBLIC        EX1
  B:0088H.2       PUBLIC        IT1
  D:00C8H         PUBLIC        T2CON
  C:0205H         PUBLIC        qianjin
  C:0003H         PUBLIC        Delay
  C:01EAH         PUBLIC        _delayms
  D:00D0H         PUBLIC        PSW
  D:000BH         PUBLIC        IRCOM
  C:0156H         PUBLIC        _ControlCar
  -------         PROC          _DELAYMS
  D:0007H         SYMBOL        x
  -------         DO            
  D:0006H         SYMBOL        i
  -------         ENDDO         
  C:01EAH         LINE#         54
  C:01EAH         LINE#         55
  C:01EAH         LINE#         57
  C:01F0H         LINE#         58
  C:01F0H         LINE#         59
BL51 BANKED LINKER/LOCATER V6.22                                                      01/20/2016  16:42:41  PAGE 4


  C:01FBH         LINE#         60
  C:01FBH         LINE#         61
  -------         ENDPROC       _DELAYMS
  C:01A2H         SYMBOL        L?0065
  -------         PROC          L?0064
  -------         ENDPROC       L?0064
  C:01A2H         SYMBOL        L?0065
  -------         PROC          _DELAY1MS
  D:0006H         SYMBOL        i
  -------         DO            
  D:0005H         SYMBOL        j
  D:0004H         SYMBOL        k
  -------         ENDDO         
  C:01A9H         LINE#         63
  C:01A9H         LINE#         64
  C:01A9H         LINE#         66
  C:01A9H         LINE#         67
  C:01ABH         LINE#         68
  C:01ABH         LINE#         69
  C:01ADH         LINE#         70
  C:01ADH         LINE#         71
  C:01AEH         LINE#         72
  C:01B0H         LINE#         73
  C:01B2H         LINE#         74
  C:01BBH         LINE#         76
  -------         ENDPROC       _DELAY1MS
  -------         PROC          DELAY
  -------         DO            
  D:0006H         SYMBOL        DelayTime
  -------         ENDDO         
  C:0003H         LINE#         77
  C:0003H         LINE#         78
  C:0007H         LINE#         79
  C:0011H         LINE#         81
  -------         ENDPROC       DELAY
  -------         PROC          TINGZHI
  C:01FCH         LINE#         83
  C:01FCH         LINE#         84
  C:01FCH         LINE#         85
  C:01FEH         LINE#         86
  C:0200H         LINE#         87
  C:0202H         LINE#         88
  C:0204H         LINE#         90
  -------         ENDPROC       TINGZHI
  -------         PROC          QIANJIN
  C:0205H         LINE#         92
  C:0205H         LINE#         93
  C:0205H         LINE#         94
  C:0207H         LINE#         95
  C:0209H         LINE#         96
  C:020BH         LINE#         97
  C:020DH         LINE#         98
  -------         ENDPROC       QIANJIN
  -------         PROC          HOUTUI
  C:020EH         LINE#         100
  C:020EH         LINE#         101
  C:020EH         LINE#         102
BL51 BANKED LINKER/LOCATER V6.22                                                      01/20/2016  16:42:41  PAGE 5


  C:0210H         LINE#         103
  C:0212H         LINE#         104
  C:0214H         LINE#         105
  C:0216H         LINE#         106
  -------         ENDPROC       HOUTUI
  -------         PROC          YOUZHUAN
  C:0217H         LINE#         108
  C:0217H         LINE#         109
  C:0217H         LINE#         110
  C:0219H         LINE#         111
  C:021BH         LINE#         112
  C:021DH         LINE#         113
  C:021FH         LINE#         115
  -------         ENDPROC       YOUZHUAN
  -------         PROC          ZUOZHUAN
  C:0220H         LINE#         117
  C:0220H         LINE#         118
  C:0220H         LINE#         119
  C:0222H         LINE#         120
  C:0224H         LINE#         121
  C:0226H         LINE#         122
  C:0228H         LINE#         124
  -------         ENDPROC       ZUOZHUAN
  -------         PROC          _CONTROLCAR
  D:0007H         SYMBOL        ConType
  C:0156H         LINE#         126
  C:0156H         LINE#         127
  C:0156H         LINE#         129
  C:0159H         LINE#         130
  C:016BH         LINE#         131
  C:016BH         LINE#         132
  C:016BH         LINE#         133
  C:016BH         LINE#         135
  C:016BH         LINE#         136
  C:016EH         LINE#         137
  C:0171H         LINE#         138
  C:0174H         LINE#         139
  C:0176H         LINE#         140
  C:0176H         LINE#         141
  C:0176H         LINE#         142
  C:0176H         LINE#         143
  C:0176H         LINE#         144
  C:0179H         LINE#         146
  C:017CH         LINE#         147
  C:017FH         LINE#         148
  C:0181H         LINE#         149
  C:0181H         LINE#         150
  C:0181H         LINE#         151
  C:0181H         LINE#         152
  C:0181H         LINE#         153
  C:0184H         LINE#         154
  C:0187H         LINE#         155
  C:018AH         LINE#         156
  C:018CH         LINE#         157
  C:018CH         LINE#         158
  C:018CH         LINE#         159
  C:018CH         LINE#         160
BL51 BANKED LINKER/LOCATER V6.22                                                      01/20/2016  16:42:41  PAGE 6


  C:018CH         LINE#         161
  C:018FH         LINE#         162
  C:0192H         LINE#         163
  C:0195H         LINE#         164
  C:0197H         LINE#         165
  C:0197H         LINE#         166
  C:0197H         LINE#         167
  C:0197H         LINE#         168
  C:019AH         LINE#         169
  C:01A1H         LINE#         170
  C:01A1H         LINE#         172
  C:01A1H         LINE#         173
  C:01A1H         LINE#         174
  -------         ENDPROC       _CONTROLCAR
  -------         PROC          IR_IN
  -------         DO            
  D:0012H         SYMBOL        j
  D:0013H         SYMBOL        k
  D:0004H         SYMBOL        N
  -------         ENDDO         
  C:0016H         LINE#         176
  C:0021H         LINE#         178
  C:0023H         LINE#         180
  C:0025H         LINE#         181
  C:002AH         LINE#         182
  C:002DH         LINE#         183
  C:002DH         LINE#         184
  C:0032H         LINE#         186
  C:0032H         LINE#         188
  C:0035H         LINE#         189
  C:0035H         LINE#         190
  C:003AH         LINE#         191
  C:003CH         LINE#         193
  C:003FH         LINE#         194
  C:003FH         LINE#         195
  C:0042H         LINE#         196
  C:0042H         LINE#         197
  C:0045H         LINE#         198
  C:0045H         LINE#         199
  C:004AH         LINE#         200
  C:004CH         LINE#         202
  C:004FH         LINE#         203
  C:004FH         LINE#         204
  C:0054H         LINE#         205
  C:0056H         LINE#         207
  C:0059H         LINE#         208
  C:0059H         LINE#         209
  C:005EH         LINE#         210
  C:005FH         LINE#         211
  C:0065H         LINE#         212
  C:0065H         LINE#         213
  C:0069H         LINE#         215
  C:0069H         LINE#         216
  C:0069H         LINE#         218
  C:0077H         LINE#         220
  C:007DH         LINE#         221
  C:007DH         LINE#         222
BL51 BANKED LINKER/LOCATER V6.22                                                      01/20/2016  16:42:41  PAGE 7


  C:0086H         LINE#         223
  C:0086H         LINE#         224
  C:0088H         LINE#         225
  C:0091H         LINE#         226
  C:009AH         LINE#         228
  C:00A1H         LINE#         229
  C:00A1H         LINE#         230
  C:00A5H         LINE#         232
  C:00A5H         LINE#         234
  C:00A8H         LINE#         235
  C:00A8H         LINE#         236
  C:00B1H         LINE#         237
  C:00B1H         LINE#         238
  C:00B6H         LINE#         239
  C:00B6H         LINE#         240
  C:00BFH         LINE#         243
  C:00C1H         LINE#         244
  -------         ENDPROC       IR_IN
  -------         PROC          MAIN
  -------         DO            
  B:0020H.1       SYMBOL        ExeFlag
  -------         ENDDO         
  C:01BCH         LINE#         248
  C:01BCH         LINE#         249
  C:01BCH         LINE#         250
  C:01BEH         LINE#         252
  C:01C4H         LINE#         253
  C:01C6H         LINE#         254
  C:01C8H         LINE#         255
  C:01CAH         LINE#         256
  C:01D1H         LINE#         257
  C:01D1H         LINE#         258
  C:01D1H         LINE#         260
  C:01D4H         LINE#         263
  -------         ENDPROC       MAIN
  -------         ENDMOD        ZYWIFI0939CºìÍ_Ò£¿Ø¿Ø_ÆÐ¡³µ³ÌÐò

Program Size: data=21.2 xdata=0 code=558
LINK/LOCATE RUN COMPLETE.  0 WARNING(S),  0 ERROR(S)
