BL51 BANKED LINKER/LOCATER V5.03                                                        06/25/2021  08:53:31  PAGE 1


BL51 BANKED LINKER/LOCATER V5.03, INVOKED BY:
C:\KEIL\C51\BIN\BL51.EXE my-test.obj TO test


INPUT MODULES INCLUDED:
  my-test.obj (MY_TEST)


LINK MAP OF MODULE:  test (MY_TEST)


            TYPE    BASE      LENGTH    RELOCATION   SEGMENT NAME
            -----------------------------------------------------

            * * * * * * *   D A T A   M E M O R Y   * * * * * * *
            REG     0000H     0008H     ABSOLUTE     "REG BANK 0"

            * * * * * * *   C O D E   M E M O R Y   * * * * * * *
            CODE    0000H     020DH     ABSOLUTE     



SYMBOL TABLE OF MODULE:  test (MY_TEST)

  VALUE           TYPE          NAME
  ----------------------------------

  -------         MODULE        MY_TEST
  C:0200H         SYMBOL        DEL
  C:0206H         SYMBOL        F1
  C:0204H         SYMBOL        F2
  C:0202H         SYMBOL        F3
  C:0030H         SYMBOL        MAIN
  D:0080H         SYMBOL        P0
  D:0090H         SYMBOL        P1
  D:00A0H         SYMBOL        P2
  D:00B0H         SYMBOL        P3
  C:0000H         LINE#         2
  C:0030H         LINE#         4
  C:0033H         LINE#         5
  C:0036H         LINE#         6
  C:0039H         LINE#         7
  C:003CH         LINE#         8
  C:003EH         LINE#         9
  C:0041H         LINE#         10
  C:0044H         LINE#         11
  C:0047H         LINE#         12
  C:004AH         LINE#         13
  C:004CH         LINE#         14
  C:0200H         LINE#         16
  C:0202H         LINE#         17
  C:0204H         LINE#         18
  C:0206H         LINE#         19
  C:0208H         LINE#         20
  C:020AH         LINE#         21
  C:020CH         LINE#         22
  -------         ENDMOD        MY_TEST

BL51 BANKED LINKER/LOCATER V5.03                                                      06/25/2021  08:53:31  PAGE 2


Program Size: data=8.0 xdata=0 code=525
LINK/LOCATE RUN COMPLETE.  0 WARNING(S),  0 ERROR(S)
