A51 MACRO ASSEMBLER  S7_1                                                                 03/03/2004 19:51:06 PAGE     1


MACRO ASSEMBLER A51 V7.07
OBJECT MODULE PLACED IN .\S7-1.OBJ
ASSEMBLER INVOKED BY: C:\KEIL\C51\BIN\A51.EXE .\S7-1.asm SET(SMALL) DEBUG EP

LOC  OBJ            LINE     SOURCE

0000                   1             ORG 0000H
0000 020030            2             LJMP MAIN
0030                   3             ORG 030H
0030 113C              4     MAIN:   ACALL DEL
0032 7452              5             MOV A,#052H
0034 78FC              6             MOV R0,#0FCH
0036 28                7             ADD A,R0
0037 00                8             NOP
0038 F590              9             MOV P1,A
003A 80FE             10             SJMP $
003C 7FFF             11     DEL:    MOV R7,#0FFH
003E 7EFF             12     DEL1:   MOV R6,#0FFH
0040 7D1F             13     DEL2:   MOV R5,#01FH
0042 DDFE             14     DEL3:   DJNZ R5,DEL3
0044 DEFA             15             DJNZ R6,DEL2
0046 DFF6             16             DJNZ R7,DEL1
0048 22               17             RET
                      18             END
A51 MACRO ASSEMBLER  S7_1                                                                 03/03/2004 19:51:06 PAGE     2

SYMBOL TABLE LISTING
------ ----- -------


N A M E             T Y P E  V A L U E   ATTRIBUTES

DEL. . . . . . . .  C ADDR   003CH   A   
DEL1 . . . . . . .  C ADDR   003EH   A   
DEL2 . . . . . . .  C ADDR   0040H   A   
DEL3 . . . . . . .  C ADDR   0042H   A   
MAIN . . . . . . .  C ADDR   0030H   A   
P1 . . . . . . . .  D ADDR   0090H   A   


REGISTER BANK(S) USED: 0 


ASSEMBLY COMPLETE.  0 WARNING(S), 0 ERROR(S)
