BL51 BANKED LINKER/LOCATER V6.00                                                        06/17/2009  23:28:39  PAGE 1


BL51 BANKED LINKER/LOCATER V6.00, INVOKED BY:
C:\KEIL\C51\BIN\BL51.EXE 机器人.obj TO 机器人


MEMORY MODEL: SMALL WITH FLOATING POINT ARITHMETIC


INPUT MODULES INCLUDED:
  机器人.obj (籣芲人)
  C:\KEIL\C51\LIB\C51FPS.LIB (?C?FPADD)
  C:\KEIL\C51\LIB\C51FPS.LIB (?C?FPMUL)
  C:\KEIL\C51\LIB\C51FPS.LIB (?C?FPDIV)
  C:\KEIL\C51\LIB\C51FPS.LIB (?C?FCAST)
  C:\KEIL\C51\LIB\C51FPS.LIB (PRINTF)
  C:\KEIL\C51\LIB\C51FPS.LIB (SCANF)
  C:\KEIL\C51\LIB\C51FPS.LIB (SIN)
  C:\KEIL\C51\LIB\C51FPS.LIB (?C?FPGETOPN)
  C:\KEIL\C51\LIB\C51FPS.LIB (?C?CASTF)
  C:\KEIL\C51\LIB\C51FPS.LIB (?C?FPROUND)
  C:\KEIL\C51\LIB\C51FPS.LIB (?C?FPCONVERT)
  C:\KEIL\C51\LIB\C51FPS.LIB (?C?ATOF)
  C:\KEIL\C51\LIB\C51FPS.LIB (?C?FPSERIES)
  C:\KEIL\C51\LIB\C51FPS.LIB (?C?FPNEG)
  C:\KEIL\C51\LIB\C51FPS.LIB (?C?FTNPWR)
  C:\KEIL\C51\LIB\C51S.LIB (?C_STARTUP)
  C:\KEIL\C51\LIB\C51S.LIB (?C?CLDPTR)
  C:\KEIL\C51\LIB\C51S.LIB (?C?CLDOPTR)
  C:\KEIL\C51\LIB\C51S.LIB (?C?CSTPTR)
  C:\KEIL\C51\LIB\C51S.LIB (?C?ISTPTR)
  C:\KEIL\C51\LIB\C51S.LIB (?C?LNEG)
  C:\KEIL\C51\LIB\C51S.LIB (?C?LSTPTR)
  C:\KEIL\C51\LIB\C51S.LIB (?C?LLDCODE)
  C:\KEIL\C51\LIB\C51S.LIB (?C?LLDCODE0)
  C:\KEIL\C51\LIB\C51S.LIB (?C?PLDIDATA)
  C:\KEIL\C51\LIB\C51S.LIB (?C?PLDIIDATA)
  C:\KEIL\C51\LIB\C51S.LIB (?C?PILDIDATA)
  C:\KEIL\C51\LIB\C51S.LIB (?C?CCASE)
  C:\KEIL\C51\LIB\C51S.LIB (PUTCHAR)
  C:\KEIL\C51\LIB\C51S.LIB (GETCHAR)
  C:\KEIL\C51\LIB\C51S.LIB (UNGETC)
  C:\KEIL\C51\LIB\C51S.LIB (ISSPACE)
  C:\KEIL\C51\LIB\C51S.LIB (?C?LSTIDATA)
  C:\KEIL\C51\LIB\C51S.LIB (?C?LSTXDATA)
  C:\KEIL\C51\LIB\C51S.LIB (?C?LSTPDATA)
  C:\KEIL\C51\LIB\C51S.LIB (_GETKEY)


LINK MAP OF MODULE:  机器人 (籣芲人)


            TYPE    BASE      LENGTH    RELOCATION   SEGMENT NAME
            -----------------------------------------------------

            * * * * * * *   D A T A   M E M O R Y   * * * * * * *
            REG     0000H     0008H     ABSOLUTE     "REG BANK 0"
            DATA    0008H     0001H     UNIT         ?DT?GETCHAR
                    0009H     0017H                  *** GAP ***
            BIT     0020H.0   0001H.3   UNIT         _BIT_GROUP_
BL51 BANKED LINKER/LOCATER V6.00                                                      06/17/2009  23:28:39  PAGE 2


            BIT     0021H.3   0000H.1   UNIT         ?BI?GETCHAR
                    0021H.4   0000H.4                *** GAP ***
            DATA    0022H     002DH     UNIT         _DATA_GROUP_
            IDATA   004FH     0001H     UNIT         ?STACK

            * * * * * * *   C O D E   M E M O R Y   * * * * * * *
            CODE    0000H     0003H     ABSOLUTE     
            CODE    0003H     068FH     UNIT         ?C?LIB_CODE
            CODE    0692H     046FH     UNIT         ?PR?PRINTF?PRINTF
            CODE    0B01H     034FH     UNIT         ?PR?SCANF?SCANF
            CODE    0E50H     016EH     UNIT         ?PR?SIN?SIN
            CODE    0FBEH     00E6H     UNIT         ?PR??C?ATOF??C?ATOF
            CODE    10A4H     008AH     UNIT         ?PR?MAIN?籣芲人
            CODE    112EH     0027H     UNIT         ?PR?PUTCHAR?PUTCHAR
            CODE    1155H     001EH     UNIT         ?CO?籣芲人
            CODE    1173H     0013H     UNIT         ?PR?_ISSPACE?ISSPACE
            CODE    1186H     0011H     UNIT         ?PR?GETCHAR?GETCHAR
            CODE    1197H     000CH     UNIT         ?C_C51STARTUP
            CODE    11A3H     000AH     UNIT         ?PR?_GETKEY?_GETKEY
            CODE    11ADH     0005H     UNIT         ?PR?GETCHAR?UNGETCHAR



OVERLAY MAP OF MODULE:   机器人 (籣芲人)


SEGMENT                           BIT_GROUP          DATA_GROUP 
  +--> CALLED SEGMENT          START    LENGTH     START    LENGTH
------------------------------------------------------------------
?C_C51STARTUP                  -----    -----      -----    -----
  +--> ?PR?MAIN?籣芲人

?PR?MAIN?籣芲人                -----    -----      0022H    000DH
  +--> ?CO?籣芲人
  +--> ?PR?PRINTF?PRINTF
  +--> ?PR?SCANF?SCANF
  +--> ?PR?SIN?SIN

?PR?PRINTF?PRINTF              0020H.0  0001H.1    002FH    001CH
  +--> ?PR?PUTCHAR?PUTCHAR

?PR?SCANF?SCANF                0020H.0  0000H.6    002FH    001EH
  +--> ?PR?GETCHAR?UNGETCHAR
  +--> ?PR?_ISSPACE?ISSPACE
  +--> ?PR?GETCHAR?GETCHAR
  +--> ?PR??C?ATOF??C?ATOF

?PR?GETCHAR?GETCHAR            -----    -----      -----    -----
  +--> ?PR?_GETKEY?_GETKEY
  +--> ?PR?PUTCHAR?PUTCHAR

?PR??C?ATOF??C?ATOF            0020H.6  0000H.5    004DH    0002H

?PR?SIN?SIN                    0020H.0  0000H.1    002FH    0004H



BL51 BANKED LINKER/LOCATER V6.00                                                      06/17/2009  23:28:39  PAGE 3


SYMBOL TABLE OF MODULE:  机器人 (籣芲人)

  VALUE           TYPE          NAME
  ----------------------------------

  -------         MODULE        籣芲人
  C:0000H         SYMBOL        _ICE_DUMMY_
  B:0098H.1       PUBLIC        TI
  C:10A4H         PUBLIC        main
  D:0098H         PUBLIC        SCON
  D:0089H         PUBLIC        TMOD
  D:008DH         PUBLIC        TH1
  D:008BH         PUBLIC        TL1
  B:0088H.6       PUBLIC        TR1
  -------         PROC          MAIN
  -------         DO            
  D:0022H         SYMBOL        i
  D:0023H         SYMBOL        x
  D:0027H         SYMBOL        y
  D:002BH         SYMBOL        z
  -------         ENDDO         
  C:10A4H         LINE#         4
  C:10A4H         LINE#         5
  C:10A4H         LINE#         8
  C:10A7H         LINE#         9
  C:10AAH         LINE#         10
  C:10ADH         LINE#         11
  C:10B0H         LINE#         12
  C:10B2H         LINE#         13
  C:10B4H         LINE#         17
  C:10B4H         LINE#         18
  C:10B4H         LINE#         20
  C:10BDH         LINE#         21
  C:10D8H         LINE#         23
  C:10DBH         LINE#         24
  C:10DBH         LINE#         25
  C:1112H         LINE#         26
  C:1123H         LINE#         27
  -------         ENDPROC       MAIN
  -------         ENDMOD        籣芲人

  -------         MODULE        ?C?FPADD
  C:000AH         PUBLIC        ?C?FPADD
  C:0006H         PUBLIC        ?C?FPSUB
  -------         ENDMOD        ?C?FPADD

  -------         MODULE        ?C?FPMUL
  C:00FBH         PUBLIC        ?C?FPMUL
  -------         ENDMOD        ?C?FPMUL

  -------         MODULE        ?C?FPDIV
  C:0204H         PUBLIC        ?C?FPDIV
  -------         ENDMOD        ?C?FPDIV

  -------         MODULE        ?C?FCAST
  C:02ABH         PUBLIC        ?C?FCASTC
  C:02A6H         PUBLIC        ?C?FCASTI
BL51 BANKED LINKER/LOCATER V6.00                                                      06/17/2009  23:28:39  PAGE 4


  C:02A1H         PUBLIC        ?C?FCASTL
  -------         ENDMOD        ?C?FCAST

  -------         MODULE        PRINTF
  D:002FH         PUBLIC        ?_PRINTF?BYTE
  D:002FH         PUBLIC        ?_SPRINTF?BYTE
  C:06F4H         PUBLIC        _PRINTF
  C:06EEH         PUBLIC        _SPRINTF
  -------         ENDMOD        PRINTF

  -------         MODULE        SCANF
  D:002FH         PUBLIC        ?_SCANF?BYTE
  D:002FH         PUBLIC        ?_SSCANF?BYTE
  C:0B83H         PUBLIC        _SCANF
  C:0B7FH         PUBLIC        _SSCANF
  -------         ENDMOD        SCANF

  -------         MODULE        SIN
  C:0E98H         PUBLIC        _COS
  C:0EAEH         PUBLIC        _SIN
  C:0EE0H         PUBLIC        _TAN
  -------         ENDMOD        SIN

  -------         MODULE        ?C?CASTF
  C:0329H         PUBLIC        ?C?CASTF
  -------         ENDMOD        ?C?CASTF

  -------         MODULE        ?C?FPROUND
  C:0360H         PUBLIC        ?C?FPROUND
  -------         ENDMOD        ?C?FPROUND

  -------         MODULE        ?C?FPCONVERT
  C:038FH         PUBLIC        ?C?FPCONVERT
  -------         ENDMOD        ?C?FPCONVERT

  -------         MODULE        ?C?FPNEG
  C:04DFH         PUBLIC        ?C?FPNEG
  -------         ENDMOD        ?C?FPNEG

  -------         MODULE        ?C?FTNPWR
  C:0520H         PUBLIC        ?C?FTNPWR
  -------         ENDMOD        ?C?FTNPWR

  -------         MODULE        ?C?CLDPTR
  C:0560H         PUBLIC        ?C?CLDPTR
  -------         ENDMOD        ?C?CLDPTR

  -------         MODULE        ?C?CLDOPTR
  C:0579H         PUBLIC        ?C?CLDOPTR
  -------         ENDMOD        ?C?CLDOPTR

  -------         MODULE        ?C?CSTPTR
  C:05A6H         PUBLIC        ?C?CSTPTR
  -------         ENDMOD        ?C?CSTPTR

  -------         MODULE        ?C?ISTPTR
  C:05B8H         PUBLIC        ?C?ISTPTR
BL51 BANKED LINKER/LOCATER V6.00                                                      06/17/2009  23:28:39  PAGE 5


  -------         ENDMOD        ?C?ISTPTR

  -------         MODULE        ?C?LNEG
  C:05D7H         PUBLIC        ?C?LNEG
  -------         ENDMOD        ?C?LNEG

  -------         MODULE        ?C?LSTPTR
  C:05E5H         PUBLIC        ?C?LSTPTR
  -------         ENDMOD        ?C?LSTPTR

  -------         MODULE        ?C?LLDCODE
  C:05FFH         PUBLIC        ?C?LLDCODE
  -------         ENDMOD        ?C?LLDCODE

  -------         MODULE        ?C?LLDCODE0
  C:060FH         PUBLIC        ?C?LLDCODE0
  -------         ENDMOD        ?C?LLDCODE0

  -------         MODULE        ?C?PLDIDATA
  C:061FH         PUBLIC        ?C?PLDIDATA
  -------         ENDMOD        ?C?PLDIDATA

  -------         MODULE        ?C?PLDIIDATA
  C:0628H         PUBLIC        ?C?PLDIIDATA
  -------         ENDMOD        ?C?PLDIIDATA

  -------         MODULE        ?C?PILDIDATA
  C:0638H         PUBLIC        ?C?PILDIDATA
  -------         ENDMOD        ?C?PILDIDATA

  -------         MODULE        ?C?CCASE
  C:0648H         PUBLIC        ?C?CCASE
  -------         ENDMOD        ?C?CCASE

  -------         MODULE        PUTCHAR
  C:112EH         PUBLIC        _PUTCHAR
  -------         ENDMOD        PUTCHAR

  -------         MODULE        GETCHAR
  B:0021H.3       PUBLIC        ?C?CHARLOADED
  D:0008H         PUBLIC        ?_UNGETCHAR?BYTE
  C:1186H         PUBLIC        GETCHAR
  -------         ENDMOD        GETCHAR

  -------         MODULE        UNGETC
  C:11ADH         PUBLIC        _UNGETCHAR
  -------         ENDMOD        UNGETC

  -------         MODULE        ISSPACE
  C:1173H         PUBLIC        _isspace
  -------         ENDMOD        ISSPACE

  -------         MODULE        ?C?LSTIDATA
  C:066EH         PUBLIC        ?C?LSTIDATA
  -------         ENDMOD        ?C?LSTIDATA

  -------         MODULE        ?C?LSTXDATA
BL51 BANKED LINKER/LOCATER V6.00                                                      06/17/2009  23:28:39  PAGE 6


  C:067AH         PUBLIC        ?C?LSTXDATA
  -------         ENDMOD        ?C?LSTXDATA

  -------         MODULE        ?C?LSTPDATA
  C:0686H         PUBLIC        ?C?LSTPDATA
  -------         ENDMOD        ?C?LSTPDATA

  -------         MODULE        _GETKEY
  C:11A3H         PUBLIC        _GETKEY
  -------         ENDMOD        _GETKEY

Program Size: data=56.4 xdata=0 code=4530
LINK/LOCATE RUN COMPLETE.  0 WARNING(S),  0 ERROR(S)
